Thu 18 Sep 2025 17:06:05 INFO  ['run.py']
Thu 18 Sep 2025 17:06:05 INFO  
General Hyper Parameters:
gpu_id = 0
use_gpu = True
seed = 2020
state = INFO
reproducibility = True
data_path = dataset/nyc
checkpoint_dir = saved
show_progress = True
save_dataset = False
dataset_save_path = None
save_dataloaders = False
dataloaders_save_path = None
log_wandb = True

Training Hyper Parameters:
epochs = 300
train_batch_size = 512
learner = adam
learning_rate = 0.001
train_neg_sample_args = {'distribution': 'none', 'sample_num': 'none', 'alpha': 'none', 'dynamic': False, 'candidate_num': 0}
eval_step = 1
stopping_step = 10
clip_grad_norm = None
weight_decay = 0.0
loss_decimal_place = 4

Evaluation Hyper Parameters:
eval_args = {'split': {'LS': 'valid_and_test'}, 'order': 'TO', 'group_by': 'user', 'mode': {'valid': 'full', 'test': 'full'}}
repeatable = True
metrics = ['Hit', 'NDCG', 'MRR']
topk = [10, 20]
valid_metric = NDCG@10
valid_metric_bigger = True
eval_batch_size = 1024
metric_decimal_place = 4

Dataset Hyper Parameters:
field_separator = 	
seq_separator =  
USER_ID_FIELD = user_id
ITEM_ID_FIELD = item_id
RATING_FIELD = rating
TIME_FIELD = timestamp
seq_len = None
LABEL_FIELD = label
threshold = None
NEG_PREFIX = neg_
load_col = {'inter': ['user_id', 'item_id', 'timestamp']}
unload_col = None
unused_col = None
additional_feat_suffix = None
rm_dup_inter = None
val_interval = None
filter_inter_by_user_or_item = True
user_inter_num_interval = [5,inf)
item_inter_num_interval = [5,inf)
alias_of_user_id = None
alias_of_item_id = None
alias_of_entity_id = None
alias_of_relation_id = None
preload_weight = None
normalize_field = None
normalize_all = None
ITEM_LIST_LENGTH_FIELD = item_length
LIST_SUFFIX = _list
MAX_ITEM_LIST_LENGTH = 200
POSITION_FIELD = position_id
HEAD_ENTITY_ID_FIELD = head_id
TAIL_ENTITY_ID_FIELD = tail_id
RELATION_ID_FIELD = relation_id
ENTITY_ID_FIELD = entity_id
benchmark_filename = None

Other Hyper Parameters: 
worker = 0
wandb_project = recbole
shuffle = True
require_pow = False
enable_amp = False
enable_scaler = False
transform = None
numerical_features = []
discretization = None
kg_reverse_r = False
entity_kg_num_interval = [0,inf)
relation_kg_num_interval = [0,inf)
MODEL_TYPE = ModelType.SEQUENTIAL
hidden_size = 64
num_layers = 1
dropout_prob = 0.2
loss_type = CE
d_state = 32
d_conv = 4
expand = 2
initializer_range = 0.02
num_experts = 2
num_heads = 8
hidden_dim = 3
early_stop = True
early_stop_metric = HR@10
early_stop_mode = max
early_stop_patience = 5
save_best_model = True
MODEL_INPUT_TYPE = InputType.POINTWISE
eval_type = EvaluatorType.RANKING
single_spec = True
local_rank = 0
device = cuda
valid_neg_sample_args = {'distribution': 'uniform', 'sample_num': 'none'}
test_neg_sample_args = {'distribution': 'uniform', 'sample_num': 'none'}


Thu 18 Sep 2025 17:06:06 INFO  nyc
The number of users: 6196
Average actions of users: 77.3047619047619
The number of items: 4501
Average actions of items: 106.42288888888889
The number of inters: 478903
The sparsity of the dataset: 98.28277526448824%
Remain Fields: ['user_id', 'item_id', 'timestamp']
Thu 18 Sep 2025 17:06:10 INFO  [Training]: train_batch_size = [512] train_neg_sample_args: [{'distribution': 'none', 'sample_num': 'none', 'alpha': 'none', 'dynamic': False, 'candidate_num': 0}]
Thu 18 Sep 2025 17:06:10 INFO  [Evaluation]: eval_batch_size = [1024] eval_args: [{'split': {'LS': 'valid_and_test'}, 'order': 'TO', 'group_by': 'user', 'mode': {'valid': 'full', 'test': 'full'}}]
Thu 18 Sep 2025 17:06:11 INFO  EchoMamba4Rec(
  (item_embedding): Embedding(4501, 64, padding_idx=0)
  (LayerNorm): LayerNorm((64,), eps=1e-12, elementwise_affine=True)
  (dropout): Dropout(p=0.2, inplace=False)
  (mamba_layers): ModuleList(
    (0): BiMambaLayer(
      (norms_forward): ModuleList(
        (0): LayerNorm((64,), eps=1e-05, elementwise_affine=True)
      )
      (norms_backward): ModuleList(
        (0): LayerNorm((64,), eps=1e-05, elementwise_affine=True)
      )
      (mamba_forwards): ModuleList(
        (0): Mamba(
          (in_proj): Linear(in_features=64, out_features=256, bias=False)
          (conv1d): Conv1d(128, 128, kernel_size=(4,), stride=(1,), padding=(3,), groups=128)
          (act): SiLU()
          (x_proj): Linear(in_features=128, out_features=68, bias=False)
          (dt_proj): Linear(in_features=4, out_features=128, bias=True)
          (out_proj): Linear(in_features=128, out_features=64, bias=False)
          (fourier_proj_real): Linear(in_features=200, out_features=200, bias=True)
          (fourier_proj_image): Linear(in_features=200, out_features=200, bias=True)
          (fourier_proj_A): Linear(in_features=2, out_features=1, bias=True)
          (fourier_proj_B): Linear(in_features=2, out_features=1, bias=True)
          (fourier_proj_C): Linear(in_features=66, out_features=200, bias=True)
          (tcn): Conv1d(128, 128, kernel_size=(4,), stride=(3,))
          (tcn_final): Conv1d(200, 200, kernel_size=(2,), stride=(2,))
          (filter_layer): FrequencyLayer(
            (out_dropout): Dropout(p=0.2, inplace=False)
            (LayerNorm): LayerNorm((200,), eps=1e-12, elementwise_affine=True)
          )
        )
      )
      (mamba_backwards): ModuleList(
        (0): Mamba(
          (in_proj): Linear(in_features=64, out_features=256, bias=False)
          (conv1d): Conv1d(128, 128, kernel_size=(4,), stride=(1,), padding=(3,), groups=128)
          (act): SiLU()
          (x_proj): Linear(in_features=128, out_features=68, bias=False)
          (dt_proj): Linear(in_features=4, out_features=128, bias=True)
          (out_proj): Linear(in_features=128, out_features=64, bias=False)
          (fourier_proj_real): Linear(in_features=200, out_features=200, bias=True)
          (fourier_proj_image): Linear(in_features=200, out_features=200, bias=True)
          (fourier_proj_A): Linear(in_features=2, out_features=1, bias=True)
          (fourier_proj_B): Linear(in_features=2, out_features=1, bias=True)
          (fourier_proj_C): Linear(in_features=66, out_features=200, bias=True)
          (tcn): Conv1d(128, 128, kernel_size=(4,), stride=(3,))
          (tcn_final): Conv1d(200, 200, kernel_size=(2,), stride=(2,))
          (filter_layer): FrequencyLayer(
            (out_dropout): Dropout(p=0.2, inplace=False)
            (LayerNorm): LayerNorm((200,), eps=1e-12, elementwise_affine=True)
          )
        )
      )
      (dropout): Dropout(p=0.2, inplace=False)
      (glu): GLU(
        (fc1): Linear(in_features=64, out_features=128, bias=True)
        (fc2): Linear(in_features=64, out_features=64, bias=True)
        (dropout): Dropout(p=0.2, inplace=False)
        (LayerNorm): LayerNorm((64,), eps=1e-12, elementwise_affine=True)
      )
      (multi_query_transformer_block): MultiQueryTransformerBlock(
        (multihead_attn): MultiheadAttention(
          (out_proj): NonDynamicallyQuantizableLinear(in_features=64, out_features=64, bias=True)
        )
        (glu): GLU(
          (fc1): Linear(in_features=64, out_features=128, bias=True)
          (fc2): Linear(in_features=64, out_features=64, bias=True)
          (dropout): Dropout(p=0.2, inplace=False)
          (LayerNorm): LayerNorm((64,), eps=1e-12, elementwise_affine=True)
        )
        (linear1): Linear(in_features=64, out_features=256, bias=True)
        (dropout): Dropout(p=0.2, inplace=False)
        (linear2): Linear(in_features=256, out_features=64, bias=True)
        (norm1): LayerNorm((64,), eps=1e-05, elementwise_affine=True)
        (norm2): LayerNorm((64,), eps=1e-05, elementwise_affine=True)
        (dropout1): Dropout(p=0.2, inplace=False)
        (dropout2): Dropout(p=0.2, inplace=False)
      )
    )
  )
  (l1): Sequential(
    (0): Conv1d(200, 200, kernel_size=(4,), stride=(3,))
    (1): GELU(approximate='none')
    (2): Linear(in_features=341, out_features=64, bias=True)
    (3): GELU(approximate='none')
  )
  (loss_fct): CrossEntropyLoss()
)
Trainable parameters: 1103846
Thu 18 Sep 2025 17:06:13 INFO  FLOPs: 293145664.0
Thu 18 Sep 2025 17:09:02 INFO  epoch 0 training [time: 164.71s, train loss: 7233.0126]
Thu 18 Sep 2025 17:09:03 INFO  epoch 0 evaluating [time: 0.75s, valid_score: 0.016500]
Thu 18 Sep 2025 17:09:03 INFO  valid result: 
hit@10 : 0.0315    hit@20 : 0.0568    ndcg@10 : 0.0165    ndcg@20 : 0.0228    mrr@10 : 0.012    mrr@20 : 0.0137
Thu 18 Sep 2025 17:09:03 INFO  Saving current: saved/EchoMamba4Rec-Sep-18-2025_17-06-17.pth
Thu 18 Sep 2025 17:11:45 INFO  epoch 1 training [time: 162.04s, train loss: 6802.8796]
Thu 18 Sep 2025 17:11:46 INFO  epoch 1 evaluating [time: 0.73s, valid_score: 0.019900]
Thu 18 Sep 2025 17:11:46 INFO  valid result: 
hit@10 : 0.0407    hit@20 : 0.0688    ndcg@10 : 0.0199    ndcg@20 : 0.0269    mrr@10 : 0.0137    mrr@20 : 0.0155
Thu 18 Sep 2025 17:11:46 INFO  Saving current: saved/EchoMamba4Rec-Sep-18-2025_17-06-17.pth
Thu 18 Sep 2025 17:14:28 INFO  epoch 2 training [time: 162.43s, train loss: 6691.2758]
Thu 18 Sep 2025 17:14:29 INFO  epoch 2 evaluating [time: 0.65s, valid_score: 0.023400]
Thu 18 Sep 2025 17:14:29 INFO  valid result: 
hit@10 : 0.0475    hit@20 : 0.0773    ndcg@10 : 0.0234    ndcg@20 : 0.0309    mrr@10 : 0.0163    mrr@20 : 0.0183
Thu 18 Sep 2025 17:14:29 INFO  Saving current: saved/EchoMamba4Rec-Sep-18-2025_17-06-17.pth
Thu 18 Sep 2025 17:17:09 INFO  epoch 3 training [time: 159.99s, train loss: 6620.6697]
Thu 18 Sep 2025 17:17:09 INFO  epoch 3 evaluating [time: 0.69s, valid_score: 0.024700]
Thu 18 Sep 2025 17:17:09 INFO  valid result: 
hit@10 : 0.0504    hit@20 : 0.0893    ndcg@10 : 0.0247    ndcg@20 : 0.0344    mrr@10 : 0.017    mrr@20 : 0.0196
Thu 18 Sep 2025 17:17:09 INFO  Saving current: saved/EchoMamba4Rec-Sep-18-2025_17-06-17.pth
Thu 18 Sep 2025 17:19:51 INFO  epoch 4 training [time: 161.76s, train loss: 6575.6189]
Thu 18 Sep 2025 17:19:52 INFO  epoch 4 evaluating [time: 0.69s, valid_score: 0.024700]
Thu 18 Sep 2025 17:19:52 INFO  valid result: 
hit@10 : 0.0512    hit@20 : 0.0928    ndcg@10 : 0.0247    ndcg@20 : 0.0352    mrr@10 : 0.0168    mrr@20 : 0.0197
Thu 18 Sep 2025 17:19:52 INFO  Saving current: saved/EchoMamba4Rec-Sep-18-2025_17-06-17.pth
Thu 18 Sep 2025 17:22:34 INFO  epoch 5 training [time: 162.02s, train loss: 6543.4262]
Thu 18 Sep 2025 17:22:35 INFO  epoch 5 evaluating [time: 0.72s, valid_score: 0.026500]
Thu 18 Sep 2025 17:22:35 INFO  valid result: 
hit@10 : 0.0523    hit@20 : 0.0939    ndcg@10 : 0.0265    ndcg@20 : 0.037    mrr@10 : 0.0188    mrr@20 : 0.0216
Thu 18 Sep 2025 17:22:35 INFO  Saving current: saved/EchoMamba4Rec-Sep-18-2025_17-06-17.pth
Thu 18 Sep 2025 17:25:18 INFO  epoch 6 training [time: 162.83s, train loss: 6517.0564]
Thu 18 Sep 2025 17:25:18 INFO  epoch 6 evaluating [time: 0.69s, valid_score: 0.026000]
Thu 18 Sep 2025 17:25:18 INFO  valid result: 
hit@10 : 0.0521    hit@20 : 0.0918    ndcg@10 : 0.026    ndcg@20 : 0.0359    mrr@10 : 0.0182    mrr@20 : 0.0208
Thu 18 Sep 2025 17:27:59 INFO  epoch 7 training [time: 160.95s, train loss: 6496.0835]
Thu 18 Sep 2025 17:28:00 INFO  epoch 7 evaluating [time: 0.68s, valid_score: 0.027400]
Thu 18 Sep 2025 17:28:00 INFO  valid result: 
hit@10 : 0.0559    hit@20 : 0.0922    ndcg@10 : 0.0274    ndcg@20 : 0.0365    mrr@10 : 0.0189    mrr@20 : 0.0214
Thu 18 Sep 2025 17:28:00 INFO  Saving current: saved/EchoMamba4Rec-Sep-18-2025_17-06-17.pth
Thu 18 Sep 2025 17:30:43 INFO  epoch 8 training [time: 162.41s, train loss: 6477.4461]
Thu 18 Sep 2025 17:30:43 INFO  epoch 8 evaluating [time: 0.66s, valid_score: 0.025800]
Thu 18 Sep 2025 17:30:43 INFO  valid result: 
hit@10 : 0.0539    hit@20 : 0.0967    ndcg@10 : 0.0258    ndcg@20 : 0.0366    mrr@10 : 0.0175    mrr@20 : 0.0204
Thu 18 Sep 2025 17:33:25 INFO  epoch 9 training [time: 161.93s, train loss: 6460.8867]
Thu 18 Sep 2025 17:33:26 INFO  epoch 9 evaluating [time: 0.66s, valid_score: 0.025300]
Thu 18 Sep 2025 17:33:26 INFO  valid result: 
hit@10 : 0.0526    hit@20 : 0.0952    ndcg@10 : 0.0253    ndcg@20 : 0.036    mrr@10 : 0.0172    mrr@20 : 0.0201
Thu 18 Sep 2025 17:36:05 INFO  epoch 10 training [time: 159.52s, train loss: 6448.1987]
Thu 18 Sep 2025 17:36:06 INFO  epoch 10 evaluating [time: 0.72s, valid_score: 0.026900]
Thu 18 Sep 2025 17:36:06 INFO  valid result: 
hit@10 : 0.0547    hit@20 : 0.096    ndcg@10 : 0.0269    ndcg@20 : 0.0373    mrr@10 : 0.0185    mrr@20 : 0.0213
Thu 18 Sep 2025 17:38:49 INFO  epoch 11 training [time: 163.03s, train loss: 6436.7676]
Thu 18 Sep 2025 17:38:50 INFO  epoch 11 evaluating [time: 0.68s, valid_score: 0.027300]
Thu 18 Sep 2025 17:38:50 INFO  valid result: 
hit@10 : 0.0562    hit@20 : 0.0973    ndcg@10 : 0.0273    ndcg@20 : 0.0376    mrr@10 : 0.0187    mrr@20 : 0.0215
Thu 18 Sep 2025 17:41:32 INFO  epoch 12 training [time: 161.86s, train loss: 6424.7219]
Thu 18 Sep 2025 17:41:32 INFO  epoch 12 evaluating [time: 0.68s, valid_score: 0.028000]
Thu 18 Sep 2025 17:41:32 INFO  valid result: 
hit@10 : 0.0576    hit@20 : 0.0998    ndcg@10 : 0.028    ndcg@20 : 0.0386    mrr@10 : 0.0192    mrr@20 : 0.0221
Thu 18 Sep 2025 17:41:32 INFO  Saving current: saved/EchoMamba4Rec-Sep-18-2025_17-06-17.pth
Thu 18 Sep 2025 17:44:14 INFO  epoch 13 training [time: 162.13s, train loss: 6415.6471]
Thu 18 Sep 2025 17:44:15 INFO  epoch 13 evaluating [time: 0.67s, valid_score: 0.026100]
Thu 18 Sep 2025 17:44:15 INFO  valid result: 
hit@10 : 0.0541    hit@20 : 0.0948    ndcg@10 : 0.0261    ndcg@20 : 0.0363    mrr@10 : 0.0176    mrr@20 : 0.0204
Thu 18 Sep 2025 17:46:55 INFO  epoch 14 training [time: 159.81s, train loss: 6407.1709]
Thu 18 Sep 2025 17:46:56 INFO  epoch 14 evaluating [time: 0.65s, valid_score: 0.028100]
Thu 18 Sep 2025 17:46:56 INFO  valid result: 
hit@10 : 0.0588    hit@20 : 0.0986    ndcg@10 : 0.0281    ndcg@20 : 0.0381    mrr@10 : 0.019    mrr@20 : 0.0217
Thu 18 Sep 2025 17:46:56 INFO  Saving current: saved/EchoMamba4Rec-Sep-18-2025_17-06-17.pth
Thu 18 Sep 2025 17:49:38 INFO  epoch 15 training [time: 161.89s, train loss: 6398.2029]
Thu 18 Sep 2025 17:49:38 INFO  epoch 15 evaluating [time: 0.65s, valid_score: 0.027000]
Thu 18 Sep 2025 17:49:38 INFO  valid result: 
hit@10 : 0.0549    hit@20 : 0.0978    ndcg@10 : 0.027    ndcg@20 : 0.0377    mrr@10 : 0.0186    mrr@20 : 0.0215
Thu 18 Sep 2025 17:52:17 INFO  epoch 16 training [time: 158.60s, train loss: 6392.2456]
Thu 18 Sep 2025 17:52:18 INFO  epoch 16 evaluating [time: 0.72s, valid_score: 0.028600]
Thu 18 Sep 2025 17:52:18 INFO  valid result: 
hit@10 : 0.0575    hit@20 : 0.0991    ndcg@10 : 0.0286    ndcg@20 : 0.039    mrr@10 : 0.0199    mrr@20 : 0.0227
Thu 18 Sep 2025 17:52:18 INFO  Saving current: saved/EchoMamba4Rec-Sep-18-2025_17-06-17.pth
Thu 18 Sep 2025 17:55:00 INFO  epoch 17 training [time: 162.24s, train loss: 6385.6224]
Thu 18 Sep 2025 17:55:01 INFO  epoch 17 evaluating [time: 0.65s, valid_score: 0.027100]
Thu 18 Sep 2025 17:55:01 INFO  valid result: 
hit@10 : 0.0568    hit@20 : 0.0962    ndcg@10 : 0.0271    ndcg@20 : 0.0369    mrr@10 : 0.0182    mrr@20 : 0.0208
Thu 18 Sep 2025 17:57:43 INFO  epoch 18 training [time: 162.61s, train loss: 6377.6120]
Thu 18 Sep 2025 17:57:44 INFO  epoch 18 evaluating [time: 0.68s, valid_score: 0.028000]
Thu 18 Sep 2025 17:57:44 INFO  valid result: 
hit@10 : 0.0581    hit@20 : 0.0986    ndcg@10 : 0.028    ndcg@20 : 0.0382    mrr@10 : 0.019    mrr@20 : 0.0217
Thu 18 Sep 2025 18:00:23 INFO  epoch 19 training [time: 159.36s, train loss: 6373.7488]
Thu 18 Sep 2025 18:00:24 INFO  epoch 19 evaluating [time: 0.67s, valid_score: 0.027100]
Thu 18 Sep 2025 18:00:24 INFO  valid result: 
hit@10 : 0.0563    hit@20 : 0.0993    ndcg@10 : 0.0271    ndcg@20 : 0.0378    mrr@10 : 0.0184    mrr@20 : 0.0213
Thu 18 Sep 2025 18:03:07 INFO  epoch 20 training [time: 163.08s, train loss: 6367.7729]
Thu 18 Sep 2025 18:03:08 INFO  epoch 20 evaluating [time: 0.73s, valid_score: 0.027300]
Thu 18 Sep 2025 18:03:08 INFO  valid result: 
hit@10 : 0.0571    hit@20 : 0.0956    ndcg@10 : 0.0273    ndcg@20 : 0.0368    mrr@10 : 0.0184    mrr@20 : 0.0209
Thu 18 Sep 2025 18:05:47 INFO  epoch 21 training [time: 159.69s, train loss: 6361.8227]
Thu 18 Sep 2025 18:05:48 INFO  epoch 21 evaluating [time: 0.68s, valid_score: 0.028900]
Thu 18 Sep 2025 18:05:48 INFO  valid result: 
hit@10 : 0.0571    hit@20 : 0.0975    ndcg@10 : 0.0289    ndcg@20 : 0.0391    mrr@10 : 0.0204    mrr@20 : 0.0232
Thu 18 Sep 2025 18:05:48 INFO  Saving current: saved/EchoMamba4Rec-Sep-18-2025_17-06-17.pth
Thu 18 Sep 2025 18:08:29 INFO  epoch 22 training [time: 161.32s, train loss: 6358.2690]
Thu 18 Sep 2025 18:08:30 INFO  epoch 22 evaluating [time: 0.71s, valid_score: 0.027600]
Thu 18 Sep 2025 18:08:30 INFO  valid result: 
hit@10 : 0.0571    hit@20 : 0.1001    ndcg@10 : 0.0276    ndcg@20 : 0.0383    mrr@10 : 0.0188    mrr@20 : 0.0216
Thu 18 Sep 2025 18:11:12 INFO  epoch 23 training [time: 161.66s, train loss: 6354.5354]
Thu 18 Sep 2025 18:11:13 INFO  epoch 23 evaluating [time: 0.71s, valid_score: 0.027100]
Thu 18 Sep 2025 18:11:13 INFO  valid result: 
hit@10 : 0.055    hit@20 : 0.0946    ndcg@10 : 0.0271    ndcg@20 : 0.037    mrr@10 : 0.0187    mrr@20 : 0.0213
Thu 18 Sep 2025 18:13:52 INFO  epoch 24 training [time: 159.05s, train loss: 6349.6677]
Thu 18 Sep 2025 18:13:52 INFO  epoch 24 evaluating [time: 0.74s, valid_score: 0.026800]
Thu 18 Sep 2025 18:13:52 INFO  valid result: 
hit@10 : 0.0547    hit@20 : 0.0965    ndcg@10 : 0.0268    ndcg@20 : 0.0373    mrr@10 : 0.0184    mrr@20 : 0.0213
Thu 18 Sep 2025 18:16:34 INFO  epoch 25 training [time: 161.84s, train loss: 6343.9970]
Thu 18 Sep 2025 18:16:35 INFO  epoch 25 evaluating [time: 0.67s, valid_score: 0.027200]
Thu 18 Sep 2025 18:16:35 INFO  valid result: 
hit@10 : 0.0573    hit@20 : 0.096    ndcg@10 : 0.0272    ndcg@20 : 0.0369    mrr@10 : 0.0181    mrr@20 : 0.0207
Thu 18 Sep 2025 18:19:20 INFO  epoch 26 training [time: 164.91s, train loss: 6341.5133]
Thu 18 Sep 2025 18:19:20 INFO  epoch 26 evaluating [time: 0.68s, valid_score: 0.028400]
Thu 18 Sep 2025 18:19:20 INFO  valid result: 
hit@10 : 0.0581    hit@20 : 0.0949    ndcg@10 : 0.0284    ndcg@20 : 0.0377    mrr@10 : 0.0195    mrr@20 : 0.022
Thu 18 Sep 2025 18:22:02 INFO  epoch 27 training [time: 162.01s, train loss: 6338.1710]
Thu 18 Sep 2025 18:22:03 INFO  epoch 27 evaluating [time: 0.68s, valid_score: 0.026700]
Thu 18 Sep 2025 18:22:03 INFO  valid result: 
hit@10 : 0.0568    hit@20 : 0.097    ndcg@10 : 0.0267    ndcg@20 : 0.0368    mrr@10 : 0.0177    mrr@20 : 0.0205
Thu 18 Sep 2025 18:24:43 INFO  epoch 28 training [time: 159.72s, train loss: 6332.3236]
Thu 18 Sep 2025 18:24:43 INFO  epoch 28 evaluating [time: 0.68s, valid_score: 0.028200]
Thu 18 Sep 2025 18:24:43 INFO  valid result: 
hit@10 : 0.0584    hit@20 : 0.0977    ndcg@10 : 0.0282    ndcg@20 : 0.038    mrr@10 : 0.0191    mrr@20 : 0.0217
Thu 18 Sep 2025 18:27:26 INFO  epoch 29 training [time: 162.02s, train loss: 6328.9638]
Thu 18 Sep 2025 18:27:26 INFO  epoch 29 evaluating [time: 0.66s, valid_score: 0.026700]
Thu 18 Sep 2025 18:27:26 INFO  valid result: 
hit@10 : 0.0562    hit@20 : 0.0957    ndcg@10 : 0.0267    ndcg@20 : 0.0367    mrr@10 : 0.0178    mrr@20 : 0.0205
Thu 18 Sep 2025 18:30:08 INFO  epoch 30 training [time: 162.15s, train loss: 6325.3873]
Thu 18 Sep 2025 18:30:09 INFO  epoch 30 evaluating [time: 0.65s, valid_score: 0.027200]
Thu 18 Sep 2025 18:30:09 INFO  valid result: 
hit@10 : 0.0576    hit@20 : 0.1014    ndcg@10 : 0.0272    ndcg@20 : 0.0381    mrr@10 : 0.0181    mrr@20 : 0.021
Thu 18 Sep 2025 18:32:51 INFO  epoch 31 training [time: 162.19s, train loss: 6322.6216]
Thu 18 Sep 2025 18:32:52 INFO  epoch 31 evaluating [time: 0.71s, valid_score: 0.027600]
Thu 18 Sep 2025 18:32:52 INFO  valid result: 
hit@10 : 0.0584    hit@20 : 0.0998    ndcg@10 : 0.0276    ndcg@20 : 0.0379    mrr@10 : 0.0184    mrr@20 : 0.0212
Thu 18 Sep 2025 18:35:34 INFO  epoch 32 training [time: 162.00s, train loss: 6319.2729]
Thu 18 Sep 2025 18:35:35 INFO  epoch 32 evaluating [time: 0.71s, valid_score: 0.026900]
Thu 18 Sep 2025 18:35:35 INFO  valid result: 
hit@10 : 0.0568    hit@20 : 0.099    ndcg@10 : 0.0269    ndcg@20 : 0.0375    mrr@10 : 0.018    mrr@20 : 0.0209
Thu 18 Sep 2025 18:35:35 INFO  Finished training, best eval result in epoch 21
Thu 18 Sep 2025 18:35:35 INFO  Training time: 5357.45 seconds
Thu 18 Sep 2025 18:35:35 INFO  Loading model structure and parameters from saved/EchoMamba4Rec-Sep-18-2025_17-06-17.pth
Thu 18 Sep 2025 18:35:36 INFO  The running environment of this training is as follows:
+-------------+---------------+
| Environment |     Usage     |
+=============+===============+
| CPU         |    0.00 %     |
+-------------+---------------+
| GPU         | 2.57 G/6.00 G |
+-------------+---------------+
| Memory      | 3.55 G/7.62 G |
+-------------+---------------+
Thu 18 Sep 2025 18:35:36 INFO  best valid : OrderedDict([('hit@10', 0.0571), ('hit@20', 0.0975), ('ndcg@10', 0.0289), ('ndcg@20', 0.0391), ('mrr@10', 0.0204), ('mrr@20', 0.0232)])
Thu 18 Sep 2025 18:35:36 INFO  test result: OrderedDict([('hit@10', 0.057), ('hit@20', 0.0954), ('ndcg@10', 0.0284), ('ndcg@20', 0.038), ('mrr@10', 0.0199), ('mrr@20', 0.0224)])
Thu 18 Sep 2025 18:35:36 INFO  Inference time: 0.004284 seconds for a batch of size 1024
