Thu 18 Sep 2025 11:51:09 INFO  ['run.py']
Thu 18 Sep 2025 11:51:09 INFO  
General Hyper Parameters:
gpu_id = 0
use_gpu = True
seed = 2020
state = INFO
reproducibility = True
data_path = dataset/nyc
checkpoint_dir = saved
show_progress = True
save_dataset = False
dataset_save_path = None
save_dataloaders = False
dataloaders_save_path = None
log_wandb = True

Training Hyper Parameters:
epochs = 300
train_batch_size = 512
learner = adam
learning_rate = 0.01
train_neg_sample_args = {'distribution': 'none', 'sample_num': 'none', 'alpha': 'none', 'dynamic': False, 'candidate_num': 0}
eval_step = 1
stopping_step = 10
clip_grad_norm = None
weight_decay = 0.0
loss_decimal_place = 4

Evaluation Hyper Parameters:
eval_args = {'split': {'LS': 'valid_and_test'}, 'order': 'TO', 'group_by': 'user', 'mode': {'valid': 'full', 'test': 'full'}}
repeatable = True
metrics = ['Hit', 'NDCG', 'MRR']
topk = [10, 20]
valid_metric = NDCG@10
valid_metric_bigger = True
eval_batch_size = 1024
metric_decimal_place = 4

Dataset Hyper Parameters:
field_separator = 	
seq_separator =  
USER_ID_FIELD = user_id
ITEM_ID_FIELD = item_id
RATING_FIELD = rating
TIME_FIELD = timestamp
seq_len = None
LABEL_FIELD = label
threshold = None
NEG_PREFIX = neg_
load_col = {'inter': ['user_id', 'item_id', 'timestamp']}
unload_col = None
unused_col = None
additional_feat_suffix = None
rm_dup_inter = None
val_interval = None
filter_inter_by_user_or_item = True
user_inter_num_interval = [5,inf)
item_inter_num_interval = [5,inf)
alias_of_user_id = None
alias_of_item_id = None
alias_of_entity_id = None
alias_of_relation_id = None
preload_weight = None
normalize_field = None
normalize_all = None
ITEM_LIST_LENGTH_FIELD = item_length
LIST_SUFFIX = _list
MAX_ITEM_LIST_LENGTH = 200
POSITION_FIELD = position_id
HEAD_ENTITY_ID_FIELD = head_id
TAIL_ENTITY_ID_FIELD = tail_id
RELATION_ID_FIELD = relation_id
ENTITY_ID_FIELD = entity_id
benchmark_filename = None

Other Hyper Parameters: 
worker = 0
wandb_project = recbole
shuffle = True
require_pow = False
enable_amp = False
enable_scaler = False
transform = None
numerical_features = []
discretization = None
kg_reverse_r = False
entity_kg_num_interval = [0,inf)
relation_kg_num_interval = [0,inf)
MODEL_TYPE = ModelType.SEQUENTIAL
hidden_size = 64
num_layers = 1
dropout_prob = 0.2
loss_type = CE
d_state = 32
d_conv = 4
expand = 2
initializer_range = 0.02
num_experts = 2
num_heads = 8
hidden_dim = 3
early_stop = True
early_stop_metric = HR@10
early_stop_mode = max
early_stop_patience = 5
save_best_model = True
MODEL_INPUT_TYPE = InputType.POINTWISE
eval_type = EvaluatorType.RANKING
single_spec = True
local_rank = 0
device = cuda
valid_neg_sample_args = {'distribution': 'uniform', 'sample_num': 'none'}
test_neg_sample_args = {'distribution': 'uniform', 'sample_num': 'none'}


Thu 18 Sep 2025 11:51:11 INFO  nyc
The number of users: 6196
Average actions of users: 77.3047619047619
The number of items: 4501
Average actions of items: 106.42288888888889
The number of inters: 478903
The sparsity of the dataset: 98.28277526448824%
Remain Fields: ['user_id', 'item_id', 'timestamp']
Thu 18 Sep 2025 11:51:15 INFO  [Training]: train_batch_size = [512] train_neg_sample_args: [{'distribution': 'none', 'sample_num': 'none', 'alpha': 'none', 'dynamic': False, 'candidate_num': 0}]
Thu 18 Sep 2025 11:51:15 INFO  [Evaluation]: eval_batch_size = [1024] eval_args: [{'split': {'LS': 'valid_and_test'}, 'order': 'TO', 'group_by': 'user', 'mode': {'valid': 'full', 'test': 'full'}}]
Thu 18 Sep 2025 11:51:17 INFO  EchoMamba4Rec(
  (item_embedding): Embedding(4501, 64, padding_idx=0)
  (LayerNorm): LayerNorm((64,), eps=1e-12, elementwise_affine=True)
  (dropout): Dropout(p=0.2, inplace=False)
  (mamba_layers): ModuleList(
    (0): BiMambaLayer(
      (norms_forward): ModuleList(
        (0): LayerNorm((64,), eps=1e-05, elementwise_affine=True)
      )
      (norms_backward): ModuleList(
        (0): LayerNorm((64,), eps=1e-05, elementwise_affine=True)
      )
      (mamba_forwards): ModuleList(
        (0): Mamba(
          (in_proj): Linear(in_features=64, out_features=256, bias=False)
          (conv1d): Conv1d(128, 128, kernel_size=(4,), stride=(1,), padding=(3,), groups=128)
          (act): SiLU()
          (x_proj): Linear(in_features=128, out_features=68, bias=False)
          (dt_proj): Linear(in_features=4, out_features=128, bias=True)
          (out_proj): Linear(in_features=128, out_features=64, bias=False)
          (fourier_proj_real): Linear(in_features=200, out_features=200, bias=True)
          (fourier_proj_image): Linear(in_features=200, out_features=200, bias=True)
          (fourier_proj_A): Linear(in_features=2, out_features=1, bias=True)
          (fourier_proj_B): Linear(in_features=2, out_features=1, bias=True)
          (fourier_proj_C): Linear(in_features=66, out_features=200, bias=True)
          (tcn): Conv1d(128, 128, kernel_size=(4,), stride=(3,))
          (tcn_final): Conv1d(200, 200, kernel_size=(2,), stride=(2,))
        )
      )
      (mamba_backwards): ModuleList(
        (0): Mamba(
          (in_proj): Linear(in_features=64, out_features=256, bias=False)
          (conv1d): Conv1d(128, 128, kernel_size=(4,), stride=(1,), padding=(3,), groups=128)
          (act): SiLU()
          (x_proj): Linear(in_features=128, out_features=68, bias=False)
          (dt_proj): Linear(in_features=4, out_features=128, bias=True)
          (out_proj): Linear(in_features=128, out_features=64, bias=False)
          (fourier_proj_real): Linear(in_features=200, out_features=200, bias=True)
          (fourier_proj_image): Linear(in_features=200, out_features=200, bias=True)
          (fourier_proj_A): Linear(in_features=2, out_features=1, bias=True)
          (fourier_proj_B): Linear(in_features=2, out_features=1, bias=True)
          (fourier_proj_C): Linear(in_features=66, out_features=200, bias=True)
          (tcn): Conv1d(128, 128, kernel_size=(4,), stride=(3,))
          (tcn_final): Conv1d(200, 200, kernel_size=(2,), stride=(2,))
        )
      )
      (dropout): Dropout(p=0.2, inplace=False)
      (glu): GLU(
        (fc1): Linear(in_features=64, out_features=128, bias=True)
        (fc2): Linear(in_features=64, out_features=64, bias=True)
        (dropout): Dropout(p=0.2, inplace=False)
        (LayerNorm): LayerNorm((64,), eps=1e-12, elementwise_affine=True)
      )
      (multi_query_transformer_block): MultiQueryTransformerBlock(
        (multihead_attn): MultiheadAttention(
          (out_proj): NonDynamicallyQuantizableLinear(in_features=64, out_features=64, bias=True)
        )
        (glu): GLU(
          (fc1): Linear(in_features=64, out_features=128, bias=True)
          (fc2): Linear(in_features=64, out_features=64, bias=True)
          (dropout): Dropout(p=0.2, inplace=False)
          (LayerNorm): LayerNorm((64,), eps=1e-12, elementwise_affine=True)
        )
        (linear1): Linear(in_features=64, out_features=256, bias=True)
        (dropout): Dropout(p=0.2, inplace=False)
        (linear2): Linear(in_features=256, out_features=64, bias=True)
        (norm1): LayerNorm((64,), eps=1e-05, elementwise_affine=True)
        (norm2): LayerNorm((64,), eps=1e-05, elementwise_affine=True)
        (dropout1): Dropout(p=0.2, inplace=False)
        (dropout2): Dropout(p=0.2, inplace=False)
      )
    )
  )
  (l1): Sequential(
    (0): Conv1d(200, 200, kernel_size=(4,), stride=(3,))
    (1): GELU(approximate='none')
    (2): Linear(in_features=341, out_features=64, bias=True)
    (3): GELU(approximate='none')
  )
  (loss_fct): CrossEntropyLoss()
)
Trainable parameters: 1102646
Thu 18 Sep 2025 11:51:18 INFO  FLOPs: 293043264.0
Thu 18 Sep 2025 11:54:19 INFO  epoch 0 training [time: 162.17s, train loss: 7362.1780]
Thu 18 Sep 2025 11:54:20 INFO  epoch 0 evaluating [time: 0.72s, valid_score: 0.011400]
Thu 18 Sep 2025 11:54:20 INFO  valid result: 
hit@10 : 0.0221    hit@20 : 0.0354    ndcg@10 : 0.0114    ndcg@20 : 0.0147    mrr@10 : 0.0082    mrr@20 : 0.0091
Thu 18 Sep 2025 11:54:20 INFO  Saving current: saved/EchoMamba4Rec-Sep-18-2025_11-51-37.pth
Thu 18 Sep 2025 11:56:58 INFO  epoch 1 training [time: 158.12s, train loss: 6999.1123]
Thu 18 Sep 2025 11:56:58 INFO  epoch 1 evaluating [time: 0.61s, valid_score: 0.014000]
Thu 18 Sep 2025 11:56:58 INFO  valid result: 
hit@10 : 0.0295    hit@20 : 0.0526    ndcg@10 : 0.014    ndcg@20 : 0.0198    mrr@10 : 0.0094    mrr@20 : 0.011
Thu 18 Sep 2025 11:56:58 INFO  Saving current: saved/EchoMamba4Rec-Sep-18-2025_11-51-37.pth
Thu 18 Sep 2025 11:59:36 INFO  epoch 2 training [time: 157.80s, train loss: 6823.5410]
Thu 18 Sep 2025 11:59:37 INFO  epoch 2 evaluating [time: 0.57s, valid_score: 0.014800]
Thu 18 Sep 2025 11:59:37 INFO  valid result: 
hit@10 : 0.0326    hit@20 : 0.0597    ndcg@10 : 0.0148    ndcg@20 : 0.0216    mrr@10 : 0.0095    mrr@20 : 0.0113
Thu 18 Sep 2025 11:59:37 INFO  Saving current: saved/EchoMamba4Rec-Sep-18-2025_11-51-37.pth
Thu 18 Sep 2025 12:02:12 INFO  epoch 3 training [time: 155.35s, train loss: 6748.3898]
Thu 18 Sep 2025 12:02:13 INFO  epoch 3 evaluating [time: 0.59s, valid_score: 0.016300]
Thu 18 Sep 2025 12:02:13 INFO  valid result: 
hit@10 : 0.0344    hit@20 : 0.0655    ndcg@10 : 0.0163    ndcg@20 : 0.0241    mrr@10 : 0.0109    mrr@20 : 0.013
Thu 18 Sep 2025 12:02:13 INFO  Saving current: saved/EchoMamba4Rec-Sep-18-2025_11-51-37.pth
Thu 18 Sep 2025 12:04:52 INFO  epoch 4 training [time: 158.75s, train loss: 6702.1042]
Thu 18 Sep 2025 12:04:52 INFO  epoch 4 evaluating [time: 0.58s, valid_score: 0.017100]
Thu 18 Sep 2025 12:04:52 INFO  valid result: 
hit@10 : 0.0362    hit@20 : 0.066    ndcg@10 : 0.0171    ndcg@20 : 0.0246    mrr@10 : 0.0114    mrr@20 : 0.0134
Thu 18 Sep 2025 12:04:52 INFO  Saving current: saved/EchoMamba4Rec-Sep-18-2025_11-51-37.pth
Thu 18 Sep 2025 12:07:27 INFO  epoch 5 training [time: 154.98s, train loss: 6674.8995]
Thu 18 Sep 2025 12:07:28 INFO  epoch 5 evaluating [time: 0.59s, valid_score: 0.018900]
Thu 18 Sep 2025 12:07:28 INFO  valid result: 
hit@10 : 0.0392    hit@20 : 0.068    ndcg@10 : 0.0189    ndcg@20 : 0.026    mrr@10 : 0.0127    mrr@20 : 0.0146
Thu 18 Sep 2025 12:07:28 INFO  Saving current: saved/EchoMamba4Rec-Sep-18-2025_11-51-37.pth
Thu 18 Sep 2025 12:10:06 INFO  epoch 6 training [time: 157.54s, train loss: 6653.4182]
Thu 18 Sep 2025 12:10:06 INFO  epoch 6 evaluating [time: 0.60s, valid_score: 0.020200]
Thu 18 Sep 2025 12:10:06 INFO  valid result: 
hit@10 : 0.0408    hit@20 : 0.0705    ndcg@10 : 0.0202    ndcg@20 : 0.0276    mrr@10 : 0.014    mrr@20 : 0.016
Thu 18 Sep 2025 12:10:06 INFO  Saving current: saved/EchoMamba4Rec-Sep-18-2025_11-51-37.pth
Thu 18 Sep 2025 12:12:44 INFO  epoch 7 training [time: 157.87s, train loss: 6634.8775]
Thu 18 Sep 2025 12:12:45 INFO  epoch 7 evaluating [time: 0.62s, valid_score: 0.020300]
Thu 18 Sep 2025 12:12:45 INFO  valid result: 
hit@10 : 0.042    hit@20 : 0.0723    ndcg@10 : 0.0203    ndcg@20 : 0.0279    mrr@10 : 0.0139    mrr@20 : 0.0159
Thu 18 Sep 2025 12:12:45 INFO  Saving current: saved/EchoMamba4Rec-Sep-18-2025_11-51-37.pth
Thu 18 Sep 2025 12:15:18 INFO  epoch 8 training [time: 153.30s, train loss: 6619.6535]
Thu 18 Sep 2025 12:15:19 INFO  epoch 8 evaluating [time: 0.56s, valid_score: 0.022400]
Thu 18 Sep 2025 12:15:19 INFO  valid result: 
hit@10 : 0.0454    hit@20 : 0.0781    ndcg@10 : 0.0224    ndcg@20 : 0.0306    mrr@10 : 0.0156    mrr@20 : 0.0178
Thu 18 Sep 2025 12:15:19 INFO  Saving current: saved/EchoMamba4Rec-Sep-18-2025_11-51-37.pth
Thu 18 Sep 2025 12:17:56 INFO  epoch 9 training [time: 157.49s, train loss: 6603.6929]
Thu 18 Sep 2025 12:17:57 INFO  epoch 9 evaluating [time: 0.58s, valid_score: 0.020800]
Thu 18 Sep 2025 12:17:57 INFO  valid result: 
hit@10 : 0.0416    hit@20 : 0.0801    ndcg@10 : 0.0208    ndcg@20 : 0.0304    mrr@10 : 0.0146    mrr@20 : 0.0172
Thu 18 Sep 2025 12:20:35 INFO  epoch 10 training [time: 158.72s, train loss: 6589.5899]
Thu 18 Sep 2025 12:20:36 INFO  epoch 10 evaluating [time: 0.57s, valid_score: 0.021800]
Thu 18 Sep 2025 12:20:36 INFO  valid result: 
hit@10 : 0.0431    hit@20 : 0.0759    ndcg@10 : 0.0218    ndcg@20 : 0.03    mrr@10 : 0.0154    mrr@20 : 0.0176
Thu 18 Sep 2025 12:23:14 INFO  epoch 11 training [time: 158.30s, train loss: 6576.8682]
Thu 18 Sep 2025 12:23:15 INFO  epoch 11 evaluating [time: 0.58s, valid_score: 0.022400]
Thu 18 Sep 2025 12:23:15 INFO  valid result: 
hit@10 : 0.0463    hit@20 : 0.0831    ndcg@10 : 0.0224    ndcg@20 : 0.0316    mrr@10 : 0.0151    mrr@20 : 0.0177
Thu 18 Sep 2025 12:23:15 INFO  Saving current: saved/EchoMamba4Rec-Sep-18-2025_11-51-37.pth
Thu 18 Sep 2025 12:25:53 INFO  epoch 12 training [time: 157.65s, train loss: 6565.5449]
Thu 18 Sep 2025 12:25:53 INFO  epoch 12 evaluating [time: 0.60s, valid_score: 0.024500]
Thu 18 Sep 2025 12:25:53 INFO  valid result: 
hit@10 : 0.0497    hit@20 : 0.0835    ndcg@10 : 0.0245    ndcg@20 : 0.033    mrr@10 : 0.0171    mrr@20 : 0.0194
Thu 18 Sep 2025 12:25:53 INFO  Saving current: saved/EchoMamba4Rec-Sep-18-2025_11-51-37.pth
Thu 18 Sep 2025 12:28:30 INFO  epoch 13 training [time: 157.10s, train loss: 6553.6722]
Thu 18 Sep 2025 12:28:31 INFO  epoch 13 evaluating [time: 0.55s, valid_score: 0.022000]
Thu 18 Sep 2025 12:28:31 INFO  valid result: 
hit@10 : 0.0439    hit@20 : 0.081    ndcg@10 : 0.022    ndcg@20 : 0.0313    mrr@10 : 0.0154    mrr@20 : 0.0179
Thu 18 Sep 2025 12:31:13 INFO  epoch 14 training [time: 162.32s, train loss: 6543.6375]
Thu 18 Sep 2025 12:31:14 INFO  epoch 14 evaluating [time: 0.63s, valid_score: 0.025300]
Thu 18 Sep 2025 12:31:14 INFO  valid result: 
hit@10 : 0.052    hit@20 : 0.0877    ndcg@10 : 0.0253    ndcg@20 : 0.0343    mrr@10 : 0.0174    mrr@20 : 0.0198
Thu 18 Sep 2025 12:31:14 INFO  Saving current: saved/EchoMamba4Rec-Sep-18-2025_11-51-37.pth
Thu 18 Sep 2025 12:34:07 INFO  epoch 15 training [time: 172.91s, train loss: 6533.9180]
Thu 18 Sep 2025 12:34:08 INFO  epoch 15 evaluating [time: 0.63s, valid_score: 0.022800]
Thu 18 Sep 2025 12:34:08 INFO  valid result: 
hit@10 : 0.0454    hit@20 : 0.0849    ndcg@10 : 0.0228    ndcg@20 : 0.0326    mrr@10 : 0.016    mrr@20 : 0.0187
Thu 18 Sep 2025 12:36:57 INFO  epoch 16 training [time: 169.98s, train loss: 6526.3957]
Thu 18 Sep 2025 12:36:58 INFO  epoch 16 evaluating [time: 0.59s, valid_score: 0.025800]
Thu 18 Sep 2025 12:36:58 INFO  valid result: 
hit@10 : 0.0523    hit@20 : 0.0901    ndcg@10 : 0.0258    ndcg@20 : 0.0353    mrr@10 : 0.018    mrr@20 : 0.0206
Thu 18 Sep 2025 12:36:58 INFO  Saving current: saved/EchoMamba4Rec-Sep-18-2025_11-51-37.pth
Thu 18 Sep 2025 12:39:34 INFO  epoch 17 training [time: 155.38s, train loss: 6521.3045]
Thu 18 Sep 2025 12:39:34 INFO  epoch 17 evaluating [time: 0.58s, valid_score: 0.024700]
Thu 18 Sep 2025 12:39:34 INFO  valid result: 
hit@10 : 0.0489    hit@20 : 0.0868    ndcg@10 : 0.0247    ndcg@20 : 0.0342    mrr@10 : 0.0175    mrr@20 : 0.0201
Thu 18 Sep 2025 12:42:12 INFO  epoch 18 training [time: 157.46s, train loss: 6511.0459]
Thu 18 Sep 2025 12:42:12 INFO  epoch 18 evaluating [time: 0.54s, valid_score: 0.024100]
Thu 18 Sep 2025 12:42:12 INFO  valid result: 
hit@10 : 0.0491    hit@20 : 0.0896    ndcg@10 : 0.0241    ndcg@20 : 0.0342    mrr@10 : 0.0167    mrr@20 : 0.0194
Thu 18 Sep 2025 12:44:47 INFO  epoch 19 training [time: 154.58s, train loss: 6505.5346]
Thu 18 Sep 2025 12:44:47 INFO  epoch 19 evaluating [time: 0.57s, valid_score: 0.024400]
Thu 18 Sep 2025 12:44:47 INFO  valid result: 
hit@10 : 0.0508    hit@20 : 0.0901    ndcg@10 : 0.0244    ndcg@20 : 0.0343    mrr@10 : 0.0165    mrr@20 : 0.0192
Thu 18 Sep 2025 12:47:24 INFO  epoch 20 training [time: 156.90s, train loss: 6498.4810]
Thu 18 Sep 2025 12:47:25 INFO  epoch 20 evaluating [time: 0.57s, valid_score: 0.024600]
Thu 18 Sep 2025 12:47:25 INFO  valid result: 
hit@10 : 0.0502    hit@20 : 0.0865    ndcg@10 : 0.0246    ndcg@20 : 0.0337    mrr@10 : 0.0169    mrr@20 : 0.0193
Thu 18 Sep 2025 12:50:00 INFO  epoch 21 training [time: 154.91s, train loss: 6493.1748]
Thu 18 Sep 2025 12:50:00 INFO  epoch 21 evaluating [time: 0.58s, valid_score: 0.025800]
Thu 18 Sep 2025 12:50:00 INFO  valid result: 
hit@10 : 0.052    hit@20 : 0.0888    ndcg@10 : 0.0258    ndcg@20 : 0.035    mrr@10 : 0.0179    mrr@20 : 0.0204
Thu 18 Sep 2025 12:50:00 INFO  Saving current: saved/EchoMamba4Rec-Sep-18-2025_11-51-37.pth
Thu 18 Sep 2025 12:52:38 INFO  epoch 22 training [time: 157.51s, train loss: 6489.9821]
Thu 18 Sep 2025 12:52:38 INFO  epoch 22 evaluating [time: 0.55s, valid_score: 0.025900]
Thu 18 Sep 2025 12:52:38 INFO  valid result: 
hit@10 : 0.0533    hit@20 : 0.0883    ndcg@10 : 0.0259    ndcg@20 : 0.0346    mrr@10 : 0.0178    mrr@20 : 0.0201
Thu 18 Sep 2025 12:52:38 INFO  Saving current: saved/EchoMamba4Rec-Sep-18-2025_11-51-37.pth
Thu 18 Sep 2025 12:55:12 INFO  epoch 23 training [time: 153.88s, train loss: 6483.5480]
Thu 18 Sep 2025 12:55:13 INFO  epoch 23 evaluating [time: 0.60s, valid_score: 0.026700]
Thu 18 Sep 2025 12:55:13 INFO  valid result: 
hit@10 : 0.0538    hit@20 : 0.0909    ndcg@10 : 0.0267    ndcg@20 : 0.036    mrr@10 : 0.0187    mrr@20 : 0.0212
Thu 18 Sep 2025 12:55:13 INFO  Saving current: saved/EchoMamba4Rec-Sep-18-2025_11-51-37.pth
Thu 18 Sep 2025 12:57:50 INFO  epoch 24 training [time: 156.54s, train loss: 6479.0276]
Thu 18 Sep 2025 12:57:50 INFO  epoch 24 evaluating [time: 0.55s, valid_score: 0.024000]
Thu 18 Sep 2025 12:57:50 INFO  valid result: 
hit@10 : 0.0505    hit@20 : 0.0877    ndcg@10 : 0.024    ndcg@20 : 0.0333    mrr@10 : 0.0161    mrr@20 : 0.0186
Thu 18 Sep 2025 13:00:24 INFO  epoch 25 training [time: 154.02s, train loss: 6474.6815]
Thu 18 Sep 2025 13:00:25 INFO  epoch 25 evaluating [time: 0.58s, valid_score: 0.026100]
Thu 18 Sep 2025 13:00:25 INFO  valid result: 
hit@10 : 0.0521    hit@20 : 0.0875    ndcg@10 : 0.0261    ndcg@20 : 0.0349    mrr@10 : 0.0183    mrr@20 : 0.0206
Thu 18 Sep 2025 13:03:01 INFO  epoch 26 training [time: 156.71s, train loss: 6471.1697]
Thu 18 Sep 2025 13:03:02 INFO  epoch 26 evaluating [time: 0.57s, valid_score: 0.024300]
Thu 18 Sep 2025 13:03:02 INFO  valid result: 
hit@10 : 0.0497    hit@20 : 0.0891    ndcg@10 : 0.0243    ndcg@20 : 0.0342    mrr@10 : 0.0168    mrr@20 : 0.0195
Thu 18 Sep 2025 13:05:36 INFO  epoch 27 training [time: 154.04s, train loss: 6466.5766]
Thu 18 Sep 2025 13:05:37 INFO  epoch 27 evaluating [time: 0.57s, valid_score: 0.025500]
Thu 18 Sep 2025 13:05:37 INFO  valid result: 
hit@10 : 0.0497    hit@20 : 0.0917    ndcg@10 : 0.0255    ndcg@20 : 0.036    mrr@10 : 0.0183    mrr@20 : 0.0211
Thu 18 Sep 2025 13:08:13 INFO  epoch 28 training [time: 156.03s, train loss: 6463.4849]
Thu 18 Sep 2025 13:08:13 INFO  epoch 28 evaluating [time: 0.59s, valid_score: 0.023600]
Thu 18 Sep 2025 13:08:13 INFO  valid result: 
hit@10 : 0.0471    hit@20 : 0.0856    ndcg@10 : 0.0236    ndcg@20 : 0.0333    mrr@10 : 0.0166    mrr@20 : 0.0193
Thu 18 Sep 2025 13:10:48 INFO  epoch 29 training [time: 154.53s, train loss: 6459.6732]
Thu 18 Sep 2025 13:10:48 INFO  epoch 29 evaluating [time: 0.58s, valid_score: 0.025700]
Thu 18 Sep 2025 13:10:48 INFO  valid result: 
hit@10 : 0.0508    hit@20 : 0.0843    ndcg@10 : 0.0257    ndcg@20 : 0.0341    mrr@10 : 0.0182    mrr@20 : 0.0205
Thu 18 Sep 2025 13:13:25 INFO  epoch 30 training [time: 156.28s, train loss: 6455.9944]
Thu 18 Sep 2025 13:13:25 INFO  epoch 30 evaluating [time: 0.58s, valid_score: 0.025900]
Thu 18 Sep 2025 13:13:25 INFO  valid result: 
hit@10 : 0.0521    hit@20 : 0.0886    ndcg@10 : 0.0259    ndcg@20 : 0.035    mrr@10 : 0.0181    mrr@20 : 0.0205
Thu 18 Sep 2025 13:16:02 INFO  epoch 31 training [time: 156.60s, train loss: 6454.8092]
Thu 18 Sep 2025 13:16:02 INFO  epoch 31 evaluating [time: 0.58s, valid_score: 0.025900]
Thu 18 Sep 2025 13:16:02 INFO  valid result: 
hit@10 : 0.0518    hit@20 : 0.0907    ndcg@10 : 0.0259    ndcg@20 : 0.0357    mrr@10 : 0.0182    mrr@20 : 0.0208
Thu 18 Sep 2025 13:18:37 INFO  epoch 32 training [time: 154.48s, train loss: 6449.1471]
Thu 18 Sep 2025 13:18:37 INFO  epoch 32 evaluating [time: 0.55s, valid_score: 0.025100]
Thu 18 Sep 2025 13:18:37 INFO  valid result: 
hit@10 : 0.0502    hit@20 : 0.0883    ndcg@10 : 0.0251    ndcg@20 : 0.0346    mrr@10 : 0.0176    mrr@20 : 0.0201
Thu 18 Sep 2025 13:21:14 INFO  epoch 33 training [time: 156.60s, train loss: 6448.4917]
Thu 18 Sep 2025 13:21:15 INFO  epoch 33 evaluating [time: 0.58s, valid_score: 0.024600]
Thu 18 Sep 2025 13:21:15 INFO  valid result: 
hit@10 : 0.0471    hit@20 : 0.0893    ndcg@10 : 0.0246    ndcg@20 : 0.0352    mrr@10 : 0.0177    mrr@20 : 0.0206
Thu 18 Sep 2025 13:23:49 INFO  epoch 34 training [time: 154.15s, train loss: 6444.4509]
Thu 18 Sep 2025 13:23:49 INFO  epoch 34 evaluating [time: 0.56s, valid_score: 0.025100]
Thu 18 Sep 2025 13:23:49 INFO  valid result: 
hit@10 : 0.0508    hit@20 : 0.0888    ndcg@10 : 0.0251    ndcg@20 : 0.0346    mrr@10 : 0.0174    mrr@20 : 0.02
Thu 18 Sep 2025 13:23:49 INFO  Finished training, best eval result in epoch 23
Thu 18 Sep 2025 13:23:49 INFO  Training time: 5532.71 seconds
Thu 18 Sep 2025 13:23:50 INFO  Loading model structure and parameters from saved/EchoMamba4Rec-Sep-18-2025_11-51-37.pth
Thu 18 Sep 2025 13:23:51 INFO  The running environment of this training is as follows:
+-------------+---------------+
| Environment |     Usage     |
+=============+===============+
| CPU         |    -0.00 %    |
+-------------+---------------+
| GPU         | 2.87 G/6.00 G |
+-------------+---------------+
| Memory      | 3.54 G/7.62 G |
+-------------+---------------+
Thu 18 Sep 2025 13:23:51 INFO  best valid : OrderedDict([('hit@10', 0.0538), ('hit@20', 0.0909), ('ndcg@10', 0.0267), ('ndcg@20', 0.036), ('mrr@10', 0.0187), ('mrr@20', 0.0212)])
Thu 18 Sep 2025 13:23:51 INFO  test result: OrderedDict([('hit@10', 0.0505), ('hit@20', 0.0851), ('ndcg@10', 0.0258), ('ndcg@20', 0.0343), ('mrr@10', 0.0183), ('mrr@20', 0.0206)])
Thu 18 Sep 2025 13:23:51 INFO  Inference time: 0.004114 seconds for a batch of size 1024
这个是没有Filter Layer的
