Thu 18 Sep 2025 14:00:35 INFO  ['run.py']
Thu 18 Sep 2025 14:00:35 INFO  
General Hyper Parameters:
gpu_id = 0
use_gpu = True
seed = 2020
state = INFO
reproducibility = True
data_path = dataset/nyc
checkpoint_dir = saved
show_progress = True
save_dataset = False
dataset_save_path = None
save_dataloaders = False
dataloaders_save_path = None
log_wandb = True

Training Hyper Parameters:
epochs = 300
train_batch_size = 512
learner = adam
learning_rate = 0.01
train_neg_sample_args = {'distribution': 'none', 'sample_num': 'none', 'alpha': 'none', 'dynamic': False, 'candidate_num': 0}
eval_step = 1
stopping_step = 10
clip_grad_norm = None
weight_decay = 0.0
loss_decimal_place = 4

Evaluation Hyper Parameters:
eval_args = {'split': {'LS': 'valid_and_test'}, 'order': 'TO', 'group_by': 'user', 'mode': {'valid': 'full', 'test': 'full'}}
repeatable = True
metrics = ['Hit', 'NDCG', 'MRR']
topk = [10, 20]
valid_metric = NDCG@10
valid_metric_bigger = True
eval_batch_size = 1024
metric_decimal_place = 4

Dataset Hyper Parameters:
field_separator = 	
seq_separator =  
USER_ID_FIELD = user_id
ITEM_ID_FIELD = item_id
RATING_FIELD = rating
TIME_FIELD = timestamp
seq_len = None
LABEL_FIELD = label
threshold = None
NEG_PREFIX = neg_
load_col = {'inter': ['user_id', 'item_id', 'timestamp']}
unload_col = None
unused_col = None
additional_feat_suffix = None
rm_dup_inter = None
val_interval = None
filter_inter_by_user_or_item = True
user_inter_num_interval = [5,inf)
item_inter_num_interval = [5,inf)
alias_of_user_id = None
alias_of_item_id = None
alias_of_entity_id = None
alias_of_relation_id = None
preload_weight = None
normalize_field = None
normalize_all = None
ITEM_LIST_LENGTH_FIELD = item_length
LIST_SUFFIX = _list
MAX_ITEM_LIST_LENGTH = 200
POSITION_FIELD = position_id
HEAD_ENTITY_ID_FIELD = head_id
TAIL_ENTITY_ID_FIELD = tail_id
RELATION_ID_FIELD = relation_id
ENTITY_ID_FIELD = entity_id
benchmark_filename = None

Other Hyper Parameters: 
worker = 0
wandb_project = recbole
shuffle = True
require_pow = False
enable_amp = False
enable_scaler = False
transform = None
numerical_features = []
discretization = None
kg_reverse_r = False
entity_kg_num_interval = [0,inf)
relation_kg_num_interval = [0,inf)
MODEL_TYPE = ModelType.SEQUENTIAL
hidden_size = 64
num_layers = 1
dropout_prob = 0.2
loss_type = CE
d_state = 32
d_conv = 4
expand = 2
initializer_range = 0.02
num_experts = 2
num_heads = 8
hidden_dim = 3
early_stop = True
early_stop_metric = HR@10
early_stop_mode = max
early_stop_patience = 5
save_best_model = True
MODEL_INPUT_TYPE = InputType.POINTWISE
eval_type = EvaluatorType.RANKING
single_spec = True
local_rank = 0
device = cuda
valid_neg_sample_args = {'distribution': 'uniform', 'sample_num': 'none'}
test_neg_sample_args = {'distribution': 'uniform', 'sample_num': 'none'}


Thu 18 Sep 2025 14:00:36 INFO  nyc
The number of users: 6196
Average actions of users: 77.3047619047619
The number of items: 4501
Average actions of items: 106.42288888888889
The number of inters: 478903
The sparsity of the dataset: 98.28277526448824%
Remain Fields: ['user_id', 'item_id', 'timestamp']
Thu 18 Sep 2025 14:00:41 INFO  [Training]: train_batch_size = [512] train_neg_sample_args: [{'distribution': 'none', 'sample_num': 'none', 'alpha': 'none', 'dynamic': False, 'candidate_num': 0}]
Thu 18 Sep 2025 14:00:41 INFO  [Evaluation]: eval_batch_size = [1024] eval_args: [{'split': {'LS': 'valid_and_test'}, 'order': 'TO', 'group_by': 'user', 'mode': {'valid': 'full', 'test': 'full'}}]
Thu 18 Sep 2025 14:00:43 INFO  EchoMamba4Rec(
  (item_embedding): Embedding(4501, 64, padding_idx=0)
  (LayerNorm): LayerNorm((64,), eps=1e-12, elementwise_affine=True)
  (dropout): Dropout(p=0.2, inplace=False)
  (mamba_layers): ModuleList(
    (0): BiMambaLayer(
      (norms_forward): ModuleList(
        (0): LayerNorm((64,), eps=1e-05, elementwise_affine=True)
      )
      (norms_backward): ModuleList(
        (0): LayerNorm((64,), eps=1e-05, elementwise_affine=True)
      )
      (mamba_forwards): ModuleList(
        (0): Mamba(
          (in_proj): Linear(in_features=64, out_features=256, bias=False)
          (conv1d): Conv1d(128, 128, kernel_size=(4,), stride=(1,), padding=(3,), groups=128)
          (act): SiLU()
          (x_proj): Linear(in_features=128, out_features=68, bias=False)
          (dt_proj): Linear(in_features=4, out_features=128, bias=True)
          (out_proj): Linear(in_features=128, out_features=64, bias=False)
          (fourier_proj_real): Linear(in_features=200, out_features=200, bias=True)
          (fourier_proj_image): Linear(in_features=200, out_features=200, bias=True)
          (fourier_proj_A): Linear(in_features=2, out_features=1, bias=True)
          (fourier_proj_B): Linear(in_features=2, out_features=1, bias=True)
          (fourier_proj_C): Linear(in_features=66, out_features=200, bias=True)
          (tcn): Conv1d(128, 128, kernel_size=(4,), stride=(3,))
          (tcn_final): Conv1d(200, 200, kernel_size=(2,), stride=(2,))
        )
      )
      (mamba_backwards): ModuleList(
        (0): Mamba(
          (in_proj): Linear(in_features=64, out_features=256, bias=False)
          (conv1d): Conv1d(128, 128, kernel_size=(4,), stride=(1,), padding=(3,), groups=128)
          (act): SiLU()
          (x_proj): Linear(in_features=128, out_features=68, bias=False)
          (dt_proj): Linear(in_features=4, out_features=128, bias=True)
          (out_proj): Linear(in_features=128, out_features=64, bias=False)
          (fourier_proj_real): Linear(in_features=200, out_features=200, bias=True)
          (fourier_proj_image): Linear(in_features=200, out_features=200, bias=True)
          (fourier_proj_A): Linear(in_features=2, out_features=1, bias=True)
          (fourier_proj_B): Linear(in_features=2, out_features=1, bias=True)
          (fourier_proj_C): Linear(in_features=66, out_features=200, bias=True)
          (tcn): Conv1d(128, 128, kernel_size=(4,), stride=(3,))
          (tcn_final): Conv1d(200, 200, kernel_size=(2,), stride=(2,))
        )
      )
      (dropout): Dropout(p=0.2, inplace=False)
      (glu): GLU(
        (fc1): Linear(in_features=64, out_features=128, bias=True)
        (fc2): Linear(in_features=64, out_features=64, bias=True)
        (dropout): Dropout(p=0.2, inplace=False)
        (LayerNorm): LayerNorm((64,), eps=1e-12, elementwise_affine=True)
      )
      (multi_query_transformer_block): MultiQueryTransformerBlock(
        (multihead_attn): MultiheadAttention(
          (out_proj): NonDynamicallyQuantizableLinear(in_features=64, out_features=64, bias=True)
        )
        (glu): GLU(
          (fc1): Linear(in_features=64, out_features=128, bias=True)
          (fc2): Linear(in_features=64, out_features=64, bias=True)
          (dropout): Dropout(p=0.2, inplace=False)
          (LayerNorm): LayerNorm((64,), eps=1e-12, elementwise_affine=True)
        )
        (linear1): Linear(in_features=64, out_features=256, bias=True)
        (dropout): Dropout(p=0.2, inplace=False)
        (linear2): Linear(in_features=256, out_features=64, bias=True)
        (norm1): LayerNorm((64,), eps=1e-05, elementwise_affine=True)
        (norm2): LayerNorm((64,), eps=1e-05, elementwise_affine=True)
        (dropout1): Dropout(p=0.2, inplace=False)
        (dropout2): Dropout(p=0.2, inplace=False)
      )
      (ffn): FeedForward(
        (w_1): Linear(in_features=64, out_features=256, bias=True)
        (w_2): Linear(in_features=256, out_features=64, bias=True)
        (activation): GELU(approximate='none')
        (dropout): Dropout(p=0.2, inplace=False)
        (LayerNorm): LayerNorm((64,), eps=1e-12, elementwise_affine=True)
      )
    )
  )
  (l1): Sequential(
    (0): Conv1d(200, 200, kernel_size=(4,), stride=(3,))
    (1): GELU(approximate='none')
    (2): Linear(in_features=341, out_features=64, bias=True)
    (3): GELU(approximate='none')
  )
  (loss_fct): CrossEntropyLoss()
)
Trainable parameters: 1135862
Thu 18 Sep 2025 14:00:44 INFO  FLOPs: 297139264.0
Thu 18 Sep 2025 14:03:40 INFO  epoch 0 training [time: 164.42s, train loss: 7415.9218]
Thu 18 Sep 2025 14:03:40 INFO  epoch 0 evaluating [time: 0.64s, valid_score: 0.006100]
Thu 18 Sep 2025 14:03:40 INFO  valid result: 
hit@10 : 0.0115    hit@20 : 0.0228    ndcg@10 : 0.0061    ndcg@20 : 0.0089    mrr@10 : 0.0045    mrr@20 : 0.0052
Thu 18 Sep 2025 14:03:40 INFO  Saving current: saved/EchoMamba4Rec-Sep-18-2025_14-00-55.pth
Thu 18 Sep 2025 14:06:19 INFO  epoch 1 training [time: 158.90s, train loss: 7397.1892]
Thu 18 Sep 2025 14:06:20 INFO  epoch 1 evaluating [time: 0.55s, valid_score: 0.006200]
Thu 18 Sep 2025 14:06:20 INFO  valid result: 
hit@10 : 0.0128    hit@20 : 0.0215    ndcg@10 : 0.0062    ndcg@20 : 0.0084    mrr@10 : 0.0043    mrr@20 : 0.0049
Thu 18 Sep 2025 14:06:20 INFO  Saving current: saved/EchoMamba4Rec-Sep-18-2025_14-00-55.pth
Thu 18 Sep 2025 14:08:58 INFO  epoch 2 training [time: 158.37s, train loss: 7394.6332]
Thu 18 Sep 2025 14:08:59 INFO  epoch 2 evaluating [time: 0.61s, valid_score: 0.005300]
Thu 18 Sep 2025 14:08:59 INFO  valid result: 
hit@10 : 0.0102    hit@20 : 0.0223    ndcg@10 : 0.0053    ndcg@20 : 0.0084    mrr@10 : 0.0039    mrr@20 : 0.0048
Thu 18 Sep 2025 14:11:41 INFO  epoch 3 training [time: 162.38s, train loss: 7386.8995]
Thu 18 Sep 2025 14:11:42 INFO  epoch 3 evaluating [time: 0.56s, valid_score: 0.007000]
Thu 18 Sep 2025 14:11:42 INFO  valid result: 
hit@10 : 0.0134    hit@20 : 0.0237    ndcg@10 : 0.007    ndcg@20 : 0.0095    mrr@10 : 0.005    mrr@20 : 0.0057
Thu 18 Sep 2025 14:11:42 INFO  Saving current: saved/EchoMamba4Rec-Sep-18-2025_14-00-55.pth
Thu 18 Sep 2025 14:14:23 INFO  epoch 4 training [time: 161.59s, train loss: 7381.5139]
Thu 18 Sep 2025 14:14:24 INFO  epoch 4 evaluating [time: 0.59s, valid_score: 0.007400]
Thu 18 Sep 2025 14:14:24 INFO  valid result: 
hit@10 : 0.0139    hit@20 : 0.0205    ndcg@10 : 0.0074    ndcg@20 : 0.009    mrr@10 : 0.0054    mrr@20 : 0.0058
Thu 18 Sep 2025 14:14:24 INFO  Saving current: saved/EchoMamba4Rec-Sep-18-2025_14-00-55.pth
Thu 18 Sep 2025 14:17:04 INFO  epoch 5 training [time: 160.27s, train loss: 7354.1683]
Thu 18 Sep 2025 14:17:05 INFO  epoch 5 evaluating [time: 0.66s, valid_score: 0.007500]
Thu 18 Sep 2025 14:17:05 INFO  valid result: 
hit@10 : 0.0158    hit@20 : 0.0284    ndcg@10 : 0.0075    ndcg@20 : 0.0107    mrr@10 : 0.005    mrr@20 : 0.0059
Thu 18 Sep 2025 14:17:05 INFO  Saving current: saved/EchoMamba4Rec-Sep-18-2025_14-00-55.pth
Thu 18 Sep 2025 14:19:44 INFO  epoch 6 training [time: 158.56s, train loss: 7128.9644]
Thu 18 Sep 2025 14:19:44 INFO  epoch 6 evaluating [time: 0.59s, valid_score: 0.013100]
Thu 18 Sep 2025 14:19:44 INFO  valid result: 
hit@10 : 0.0271    hit@20 : 0.047    ndcg@10 : 0.0131    ndcg@20 : 0.0181    mrr@10 : 0.0089    mrr@20 : 0.0103
Thu 18 Sep 2025 14:19:44 INFO  Saving current: saved/EchoMamba4Rec-Sep-18-2025_14-00-55.pth
Thu 18 Sep 2025 14:22:22 INFO  epoch 7 training [time: 157.48s, train loss: 6980.4477]
Thu 18 Sep 2025 14:22:22 INFO  epoch 7 evaluating [time: 0.60s, valid_score: 0.016400]
Thu 18 Sep 2025 14:22:22 INFO  valid result: 
hit@10 : 0.0337    hit@20 : 0.0571    ndcg@10 : 0.0164    ndcg@20 : 0.0223    mrr@10 : 0.0112    mrr@20 : 0.0128
Thu 18 Sep 2025 14:22:22 INFO  Saving current: saved/EchoMamba4Rec-Sep-18-2025_14-00-55.pth
Thu 18 Sep 2025 14:25:02 INFO  epoch 8 training [time: 159.24s, train loss: 6900.7629]
Thu 18 Sep 2025 14:25:02 INFO  epoch 8 evaluating [time: 0.57s, valid_score: 0.016800]
Thu 18 Sep 2025 14:25:02 INFO  valid result: 
hit@10 : 0.0336    hit@20 : 0.0618    ndcg@10 : 0.0168    ndcg@20 : 0.024    mrr@10 : 0.0118    mrr@20 : 0.0137
Thu 18 Sep 2025 14:25:02 INFO  Saving current: saved/EchoMamba4Rec-Sep-18-2025_14-00-55.pth
Thu 18 Sep 2025 14:27:44 INFO  epoch 9 training [time: 161.62s, train loss: 6862.3978]
Thu 18 Sep 2025 14:27:45 INFO  epoch 9 evaluating [time: 0.57s, valid_score: 0.019000]
Thu 18 Sep 2025 14:27:45 INFO  valid result: 
hit@10 : 0.0379    hit@20 : 0.0639    ndcg@10 : 0.019    ndcg@20 : 0.0255    mrr@10 : 0.0133    mrr@20 : 0.0151
Thu 18 Sep 2025 14:27:45 INFO  Saving current: saved/EchoMamba4Rec-Sep-18-2025_14-00-55.pth
Thu 18 Sep 2025 14:30:24 INFO  epoch 10 training [time: 159.55s, train loss: 6836.1902]
Thu 18 Sep 2025 14:30:25 INFO  epoch 10 evaluating [time: 0.61s, valid_score: 0.019800]
Thu 18 Sep 2025 14:30:25 INFO  valid result: 
hit@10 : 0.0391    hit@20 : 0.066    ndcg@10 : 0.0198    ndcg@20 : 0.0265    mrr@10 : 0.0139    mrr@20 : 0.0158
Thu 18 Sep 2025 14:30:25 INFO  Saving current: saved/EchoMamba4Rec-Sep-18-2025_14-00-55.pth
Thu 18 Sep 2025 14:33:04 INFO  epoch 11 training [time: 159.41s, train loss: 6814.4763]
Thu 18 Sep 2025 14:33:05 INFO  epoch 11 evaluating [time: 0.56s, valid_score: 0.019200]
Thu 18 Sep 2025 14:33:05 INFO  valid result: 
hit@10 : 0.0374    hit@20 : 0.0652    ndcg@10 : 0.0192    ndcg@20 : 0.0261    mrr@10 : 0.0137    mrr@20 : 0.0156
Thu 18 Sep 2025 14:35:43 INFO  epoch 12 training [time: 157.80s, train loss: 6797.4153]
Thu 18 Sep 2025 14:35:43 INFO  epoch 12 evaluating [time: 0.59s, valid_score: 0.021700]
Thu 18 Sep 2025 14:35:43 INFO  valid result: 
hit@10 : 0.0433    hit@20 : 0.0741    ndcg@10 : 0.0217    ndcg@20 : 0.0294    mrr@10 : 0.0153    mrr@20 : 0.0174
Thu 18 Sep 2025 14:35:43 INFO  Saving current: saved/EchoMamba4Rec-Sep-18-2025_14-00-55.pth
Thu 18 Sep 2025 14:38:22 INFO  epoch 13 training [time: 159.14s, train loss: 6785.7583]
Thu 18 Sep 2025 14:38:23 INFO  epoch 13 evaluating [time: 0.56s, valid_score: 0.019500]
Thu 18 Sep 2025 14:38:23 INFO  valid result: 
hit@10 : 0.0371    hit@20 : 0.0678    ndcg@10 : 0.0195    ndcg@20 : 0.0272    mrr@10 : 0.0142    mrr@20 : 0.0163
Thu 18 Sep 2025 14:41:02 INFO  epoch 14 training [time: 159.12s, train loss: 6773.1919]
Thu 18 Sep 2025 14:41:03 INFO  epoch 14 evaluating [time: 0.55s, valid_score: 0.021400]
Thu 18 Sep 2025 14:41:03 INFO  valid result: 
hit@10 : 0.0428    hit@20 : 0.0733    ndcg@10 : 0.0214    ndcg@20 : 0.029    mrr@10 : 0.015    mrr@20 : 0.017
Thu 18 Sep 2025 14:43:40 INFO  epoch 15 training [time: 157.76s, train loss: 6763.9116]
Thu 18 Sep 2025 14:43:41 INFO  epoch 15 evaluating [time: 0.63s, valid_score: 0.022300]
Thu 18 Sep 2025 14:43:41 INFO  valid result: 
hit@10 : 0.0437    hit@20 : 0.0681    ndcg@10 : 0.0223    ndcg@20 : 0.0284    mrr@10 : 0.0158    mrr@20 : 0.0175
Thu 18 Sep 2025 14:43:41 INFO  Saving current: saved/EchoMamba4Rec-Sep-18-2025_14-00-55.pth
Thu 18 Sep 2025 14:46:29 INFO  epoch 16 training [time: 167.50s, train loss: 6745.6806]
Thu 18 Sep 2025 14:46:29 INFO  epoch 16 evaluating [time: 0.61s, valid_score: 0.021200]
Thu 18 Sep 2025 14:46:29 INFO  valid result: 
hit@10 : 0.0413    hit@20 : 0.072    ndcg@10 : 0.0212    ndcg@20 : 0.0289    mrr@10 : 0.0153    mrr@20 : 0.0174
Thu 18 Sep 2025 14:49:18 INFO  epoch 17 training [time: 168.65s, train loss: 6729.7236]
Thu 18 Sep 2025 14:49:19 INFO  epoch 17 evaluating [time: 0.61s, valid_score: 0.021400]
Thu 18 Sep 2025 14:49:19 INFO  valid result: 
hit@10 : 0.0428    hit@20 : 0.0738    ndcg@10 : 0.0214    ndcg@20 : 0.0292    mrr@10 : 0.0151    mrr@20 : 0.0172
Thu 18 Sep 2025 14:52:07 INFO  epoch 18 training [time: 168.69s, train loss: 6692.6537]
Thu 18 Sep 2025 14:52:08 INFO  epoch 18 evaluating [time: 0.60s, valid_score: 0.021600]
Thu 18 Sep 2025 14:52:08 INFO  valid result: 
hit@10 : 0.0421    hit@20 : 0.0736    ndcg@10 : 0.0216    ndcg@20 : 0.0295    mrr@10 : 0.0155    mrr@20 : 0.0176
Thu 18 Sep 2025 14:54:53 INFO  epoch 19 training [time: 165.57s, train loss: 6666.2132]
Thu 18 Sep 2025 14:54:54 INFO  epoch 19 evaluating [time: 0.56s, valid_score: 0.020700]
Thu 18 Sep 2025 14:54:54 INFO  valid result: 
hit@10 : 0.0416    hit@20 : 0.0738    ndcg@10 : 0.0207    ndcg@20 : 0.0287    mrr@10 : 0.0144    mrr@20 : 0.0166
Thu 18 Sep 2025 14:57:33 INFO  epoch 20 training [time: 159.36s, train loss: 6649.5685]
Thu 18 Sep 2025 14:57:34 INFO  epoch 20 evaluating [time: 0.58s, valid_score: 0.023500]
Thu 18 Sep 2025 14:57:34 INFO  valid result: 
hit@10 : 0.0465    hit@20 : 0.0778    ndcg@10 : 0.0235    ndcg@20 : 0.0314    mrr@10 : 0.0167    mrr@20 : 0.0188
Thu 18 Sep 2025 14:57:34 INFO  Saving current: saved/EchoMamba4Rec-Sep-18-2025_14-00-55.pth
Thu 18 Sep 2025 15:00:12 INFO  epoch 21 training [time: 158.25s, train loss: 6635.6367]
Thu 18 Sep 2025 15:00:13 INFO  epoch 21 evaluating [time: 0.57s, valid_score: 0.022200]
Thu 18 Sep 2025 15:00:13 INFO  valid result: 
hit@10 : 0.0444    hit@20 : 0.0783    ndcg@10 : 0.0222    ndcg@20 : 0.0307    mrr@10 : 0.0156    mrr@20 : 0.0179
Thu 18 Sep 2025 15:02:52 INFO  epoch 22 training [time: 159.37s, train loss: 6617.9502]
Thu 18 Sep 2025 15:02:53 INFO  epoch 22 evaluating [time: 0.57s, valid_score: 0.023200]
Thu 18 Sep 2025 15:02:53 INFO  valid result: 
hit@10 : 0.0471    hit@20 : 0.0767    ndcg@10 : 0.0232    ndcg@20 : 0.0305    mrr@10 : 0.016    mrr@20 : 0.018
Thu 18 Sep 2025 15:05:31 INFO  epoch 23 training [time: 158.03s, train loss: 6606.6453]
Thu 18 Sep 2025 15:05:31 INFO  epoch 23 evaluating [time: 0.62s, valid_score: 0.023600]
Thu 18 Sep 2025 15:05:31 INFO  valid result: 
hit@10 : 0.0475    hit@20 : 0.0783    ndcg@10 : 0.0236    ndcg@20 : 0.0314    mrr@10 : 0.0165    mrr@20 : 0.0186
Thu 18 Sep 2025 15:05:31 INFO  Saving current: saved/EchoMamba4Rec-Sep-18-2025_14-00-55.pth
Thu 18 Sep 2025 15:08:17 INFO  epoch 24 training [time: 165.99s, train loss: 6596.7136]
Thu 18 Sep 2025 15:08:18 INFO  epoch 24 evaluating [time: 0.58s, valid_score: 0.023000]
Thu 18 Sep 2025 15:08:18 INFO  valid result: 
hit@10 : 0.045    hit@20 : 0.0828    ndcg@10 : 0.023    ndcg@20 : 0.0325    mrr@10 : 0.0164    mrr@20 : 0.019
Thu 18 Sep 2025 15:10:59 INFO  epoch 25 training [time: 160.75s, train loss: 6589.9614]
Thu 18 Sep 2025 15:10:59 INFO  epoch 25 evaluating [time: 0.56s, valid_score: 0.022800]
Thu 18 Sep 2025 15:10:59 INFO  valid result: 
hit@10 : 0.0446    hit@20 : 0.078    ndcg@10 : 0.0228    ndcg@20 : 0.0312    mrr@10 : 0.0163    mrr@20 : 0.0186
Thu 18 Sep 2025 15:13:37 INFO  epoch 26 training [time: 157.32s, train loss: 6584.9564]
Thu 18 Sep 2025 15:13:37 INFO  epoch 26 evaluating [time: 0.57s, valid_score: 0.023500]
Thu 18 Sep 2025 15:13:37 INFO  valid result: 
hit@10 : 0.047    hit@20 : 0.083    ndcg@10 : 0.0235    ndcg@20 : 0.0326    mrr@10 : 0.0165    mrr@20 : 0.019
Thu 18 Sep 2025 15:16:17 INFO  epoch 27 training [time: 159.44s, train loss: 6578.3448]
Thu 18 Sep 2025 15:16:17 INFO  epoch 27 evaluating [time: 0.58s, valid_score: 0.023200]
Thu 18 Sep 2025 15:16:17 INFO  valid result: 
hit@10 : 0.0449    hit@20 : 0.0776    ndcg@10 : 0.0232    ndcg@20 : 0.0314    mrr@10 : 0.0167    mrr@20 : 0.0189
Thu 18 Sep 2025 15:18:57 INFO  epoch 28 training [time: 159.72s, train loss: 6572.3994]
Thu 18 Sep 2025 15:18:58 INFO  epoch 28 evaluating [time: 0.58s, valid_score: 0.023300]
Thu 18 Sep 2025 15:18:58 INFO  valid result: 
hit@10 : 0.0455    hit@20 : 0.0789    ndcg@10 : 0.0233    ndcg@20 : 0.0317    mrr@10 : 0.0167    mrr@20 : 0.0189
Thu 18 Sep 2025 15:21:35 INFO  epoch 29 training [time: 157.92s, train loss: 6567.0148]
Thu 18 Sep 2025 15:21:36 INFO  epoch 29 evaluating [time: 0.57s, valid_score: 0.022200]
Thu 18 Sep 2025 15:21:36 INFO  valid result: 
hit@10 : 0.0418    hit@20 : 0.0749    ndcg@10 : 0.0222    ndcg@20 : 0.0305    mrr@10 : 0.0163    mrr@20 : 0.0186
Thu 18 Sep 2025 15:24:17 INFO  epoch 30 training [time: 160.49s, train loss: 6562.7558]
Thu 18 Sep 2025 15:24:17 INFO  epoch 30 evaluating [time: 0.57s, valid_score: 0.023400]
Thu 18 Sep 2025 15:24:17 INFO  valid result: 
hit@10 : 0.0465    hit@20 : 0.0809    ndcg@10 : 0.0234    ndcg@20 : 0.0321    mrr@10 : 0.0165    mrr@20 : 0.0189
Thu 18 Sep 2025 15:26:54 INFO  epoch 31 training [time: 157.22s, train loss: 6559.2479]
Thu 18 Sep 2025 15:26:55 INFO  epoch 31 evaluating [time: 0.59s, valid_score: 0.022300]
Thu 18 Sep 2025 15:26:55 INFO  valid result: 
hit@10 : 0.0455    hit@20 : 0.0746    ndcg@10 : 0.0223    ndcg@20 : 0.0296    mrr@10 : 0.0153    mrr@20 : 0.0173
Thu 18 Sep 2025 15:29:34 INFO  epoch 32 training [time: 159.31s, train loss: 6561.3962]
Thu 18 Sep 2025 15:29:35 INFO  epoch 32 evaluating [time: 0.55s, valid_score: 0.020800]
Thu 18 Sep 2025 15:29:35 INFO  valid result: 
hit@10 : 0.0421    hit@20 : 0.0725    ndcg@10 : 0.0208    ndcg@20 : 0.0284    mrr@10 : 0.0143    mrr@20 : 0.0164
Thu 18 Sep 2025 15:32:12 INFO  epoch 33 training [time: 157.21s, train loss: 6598.0238]
Thu 18 Sep 2025 15:32:13 INFO  epoch 33 evaluating [time: 0.60s, valid_score: 0.019500]
Thu 18 Sep 2025 15:32:13 INFO  valid result: 
hit@10 : 0.0373    hit@20 : 0.0604    ndcg@10 : 0.0195    ndcg@20 : 0.0254    mrr@10 : 0.0142    mrr@20 : 0.0158
