Wed 17 Sep 2025 22:26:56 INFO  ['run.py']
Wed 17 Sep 2025 22:26:56 INFO  
General Hyper Parameters:
gpu_id = 0
use_gpu = True
seed = 2020
state = INFO
reproducibility = True
data_path = dataset/nyc
checkpoint_dir = saved
show_progress = True
save_dataset = False
dataset_save_path = None
save_dataloaders = False
dataloaders_save_path = None
log_wandb = True

Training Hyper Parameters:
epochs = 300
train_batch_size = 512
learner = adam
learning_rate = 0.01
train_neg_sample_args = {'distribution': 'none', 'sample_num': 'none', 'alpha': 'none', 'dynamic': False, 'candidate_num': 0}
eval_step = 1
stopping_step = 10
clip_grad_norm = None
weight_decay = 0.0
loss_decimal_place = 4

Evaluation Hyper Parameters:
eval_args = {'split': {'LS': 'valid_and_test'}, 'order': 'TO', 'group_by': 'user', 'mode': {'valid': 'full', 'test': 'full'}}
repeatable = True
metrics = ['Hit', 'NDCG', 'MRR']
topk = [10, 20]
valid_metric = NDCG@10
valid_metric_bigger = True
eval_batch_size = 1024
metric_decimal_place = 4

Dataset Hyper Parameters:
field_separator = 	
seq_separator =  
USER_ID_FIELD = user_id
ITEM_ID_FIELD = item_id
RATING_FIELD = rating
TIME_FIELD = timestamp
seq_len = None
LABEL_FIELD = label
threshold = None
NEG_PREFIX = neg_
load_col = {'inter': ['user_id', 'item_id', 'timestamp']}
unload_col = None
unused_col = None
additional_feat_suffix = None
rm_dup_inter = None
val_interval = None
filter_inter_by_user_or_item = True
user_inter_num_interval = [5,inf)
item_inter_num_interval = [5,inf)
alias_of_user_id = None
alias_of_item_id = None
alias_of_entity_id = None
alias_of_relation_id = None
preload_weight = None
normalize_field = None
normalize_all = None
ITEM_LIST_LENGTH_FIELD = item_length
LIST_SUFFIX = _list
MAX_ITEM_LIST_LENGTH = 200
POSITION_FIELD = position_id
HEAD_ENTITY_ID_FIELD = head_id
TAIL_ENTITY_ID_FIELD = tail_id
RELATION_ID_FIELD = relation_id
ENTITY_ID_FIELD = entity_id
benchmark_filename = None

Other Hyper Parameters: 
worker = 0
wandb_project = recbole
shuffle = True
require_pow = False
enable_amp = False
enable_scaler = False
transform = None
numerical_features = []
discretization = None
kg_reverse_r = False
entity_kg_num_interval = [0,inf)
relation_kg_num_interval = [0,inf)
MODEL_TYPE = ModelType.SEQUENTIAL
hidden_size = 64
num_layers = 1
dropout_prob = 0.2
loss_type = CE
d_state = 32
d_conv = 4
expand = 2
initializer_range = 0.02
num_experts = 2
num_heads = 8
hidden_dim = 3
early_stop = True
early_stop_metric = HR@10
early_stop_mode = max
early_stop_patience = 5
save_best_model = True
MODEL_INPUT_TYPE = InputType.POINTWISE
eval_type = EvaluatorType.RANKING
single_spec = True
local_rank = 0
device = cuda
valid_neg_sample_args = {'distribution': 'uniform', 'sample_num': 'none'}
test_neg_sample_args = {'distribution': 'uniform', 'sample_num': 'none'}


Wed 17 Sep 2025 22:26:57 INFO  nyc
The number of users: 6196
Average actions of users: 77.3047619047619
The number of items: 4501
Average actions of items: 106.42288888888889
The number of inters: 478903
The sparsity of the dataset: 98.28277526448824%
Remain Fields: ['user_id', 'item_id', 'timestamp']
Wed 17 Sep 2025 22:27:02 INFO  [Training]: train_batch_size = [512] train_neg_sample_args: [{'distribution': 'none', 'sample_num': 'none', 'alpha': 'none', 'dynamic': False, 'candidate_num': 0}]
Wed 17 Sep 2025 22:27:02 INFO  [Evaluation]: eval_batch_size = [1024] eval_args: [{'split': {'LS': 'valid_and_test'}, 'order': 'TO', 'group_by': 'user', 'mode': {'valid': 'full', 'test': 'full'}}]
Wed 17 Sep 2025 22:27:03 INFO  EchoMamba4Rec(
  (item_embedding): Embedding(4501, 64, padding_idx=0)
  (LayerNorm): LayerNorm((64,), eps=1e-12, elementwise_affine=True)
  (dropout): Dropout(p=0.2, inplace=False)
  (mamba_layers): ModuleList(
    (0): BiMambaLayer(
      (filter_layer): FilterLayer(
        (out_dropout): Dropout(p=0.2, inplace=False)
        (LayerNorm): LayerNorm((64,), eps=1e-12, elementwise_affine=True)
      )
      (norms_forward): ModuleList(
        (0): LayerNorm((64,), eps=1e-05, elementwise_affine=True)
      )
      (norms_backward): ModuleList(
        (0): LayerNorm((64,), eps=1e-05, elementwise_affine=True)
      )
      (mamba_forwards): ModuleList(
        (0): Mamba(
          (in_proj): Linear(in_features=64, out_features=256, bias=False)
          (conv1d): Conv1d(128, 128, kernel_size=(4,), stride=(1,), padding=(3,), groups=128)
          (act): SiLU()
          (x_proj): Linear(in_features=128, out_features=68, bias=False)
          (dt_proj): Linear(in_features=4, out_features=128, bias=True)
          (out_proj): Linear(in_features=128, out_features=64, bias=False)
          (fourier_proj_real): Linear(in_features=200, out_features=200, bias=True)
          (fourier_proj_image): Linear(in_features=200, out_features=200, bias=True)
          (fourier_proj_A): Linear(in_features=2, out_features=1, bias=True)
          (fourier_proj_B): Linear(in_features=2, out_features=1, bias=True)
          (fourier_proj_C): Linear(in_features=66, out_features=200, bias=True)
          (tcn): Conv1d(128, 128, kernel_size=(4,), stride=(3,))
          (tcn_final): Conv1d(200, 200, kernel_size=(2,), stride=(2,))
        )
      )
      (mamba_backwards): ModuleList(
        (0): Mamba(
          (in_proj): Linear(in_features=64, out_features=256, bias=False)
          (conv1d): Conv1d(128, 128, kernel_size=(4,), stride=(1,), padding=(3,), groups=128)
          (act): SiLU()
          (x_proj): Linear(in_features=128, out_features=68, bias=False)
          (dt_proj): Linear(in_features=4, out_features=128, bias=True)
          (out_proj): Linear(in_features=128, out_features=64, bias=False)
          (fourier_proj_real): Linear(in_features=200, out_features=200, bias=True)
          (fourier_proj_image): Linear(in_features=200, out_features=200, bias=True)
          (fourier_proj_A): Linear(in_features=2, out_features=1, bias=True)
          (fourier_proj_B): Linear(in_features=2, out_features=1, bias=True)
          (fourier_proj_C): Linear(in_features=66, out_features=200, bias=True)
          (tcn): Conv1d(128, 128, kernel_size=(4,), stride=(3,))
          (tcn_final): Conv1d(200, 200, kernel_size=(2,), stride=(2,))
        )
      )
      (dropout): Dropout(p=0.2, inplace=False)
      (glu): GLU(
        (fc1): Linear(in_features=64, out_features=128, bias=True)
        (fc2): Linear(in_features=64, out_features=64, bias=True)
        (dropout): Dropout(p=0.2, inplace=False)
        (LayerNorm): LayerNorm((64,), eps=1e-12, elementwise_affine=True)
      )
      (multi_query_transformer_block): MultiQueryTransformerBlock(
        (multihead_attn): MultiheadAttention(
          (out_proj): NonDynamicallyQuantizableLinear(in_features=64, out_features=64, bias=True)
        )
        (glu): GLU(
          (fc1): Linear(in_features=64, out_features=128, bias=True)
          (fc2): Linear(in_features=64, out_features=64, bias=True)
          (dropout): Dropout(p=0.2, inplace=False)
          (LayerNorm): LayerNorm((64,), eps=1e-12, elementwise_affine=True)
        )
        (linear1): Linear(in_features=64, out_features=256, bias=True)
        (dropout): Dropout(p=0.2, inplace=False)
        (linear2): Linear(in_features=256, out_features=64, bias=True)
        (norm1): LayerNorm((64,), eps=1e-05, elementwise_affine=True)
        (norm2): LayerNorm((64,), eps=1e-05, elementwise_affine=True)
        (dropout1): Dropout(p=0.2, inplace=False)
        (dropout2): Dropout(p=0.2, inplace=False)
      )
    )
  )
  (l1): Sequential(
    (0): Conv1d(200, 200, kernel_size=(4,), stride=(3,))
    (1): GELU(approximate='none')
    (2): Linear(in_features=341, out_features=64, bias=True)
    (3): GELU(approximate='none')
  )
  (loss_fct): CrossEntropyLoss()
)
Trainable parameters: 1115702
Wed 17 Sep 2025 22:27:05 INFO  FLOPs: 293068864.0
Wed 17 Sep 2025 22:29:52 INFO  epoch 0 training [time: 163.77s, train loss: 7167.3623]
Wed 17 Sep 2025 22:29:53 INFO  epoch 0 evaluating [time: 0.67s, valid_score: 0.015800]
Wed 17 Sep 2025 22:29:53 INFO  valid result: 
hit@10 : 0.03    hit@20 : 0.0549    ndcg@10 : 0.0158    ndcg@20 : 0.022    mrr@10 : 0.0115    mrr@20 : 0.0132
Wed 17 Sep 2025 22:29:53 INFO  Saving current: saved/EchoMamba4Rec-Sep-17-2025_22-27-08.pth
Wed 17 Sep 2025 22:32:37 INFO  epoch 1 training [time: 164.18s, train loss: 6825.4968]
Wed 17 Sep 2025 22:32:38 INFO  epoch 1 evaluating [time: 0.67s, valid_score: 0.016600]
Wed 17 Sep 2025 22:32:38 INFO  valid result: 
hit@10 : 0.0347    hit@20 : 0.0618    ndcg@10 : 0.0166    ndcg@20 : 0.0233    mrr@10 : 0.0112    mrr@20 : 0.013
Wed 17 Sep 2025 22:32:38 INFO  Saving current: saved/EchoMamba4Rec-Sep-17-2025_22-27-08.pth
Wed 17 Sep 2025 22:35:23 INFO  epoch 2 training [time: 165.58s, train loss: 6750.8531]
Wed 17 Sep 2025 22:35:24 INFO  epoch 2 evaluating [time: 0.61s, valid_score: 0.015900]
Wed 17 Sep 2025 22:35:24 INFO  valid result: 
hit@10 : 0.0328    hit@20 : 0.0613    ndcg@10 : 0.0159    ndcg@20 : 0.0231    mrr@10 : 0.0109    mrr@20 : 0.0128
Wed 17 Sep 2025 22:38:10 INFO  epoch 3 training [time: 166.00s, train loss: 6695.9206]
Wed 17 Sep 2025 22:38:11 INFO  epoch 3 evaluating [time: 0.59s, valid_score: 0.018400]
Wed 17 Sep 2025 22:38:11 INFO  valid result: 
hit@10 : 0.0397    hit@20 : 0.0696    ndcg@10 : 0.0184    ndcg@20 : 0.0259    mrr@10 : 0.0121    mrr@20 : 0.0141
Wed 17 Sep 2025 22:38:11 INFO  Saving current: saved/EchoMamba4Rec-Sep-17-2025_22-27-08.pth
Wed 17 Sep 2025 22:40:57 INFO  epoch 4 training [time: 166.07s, train loss: 6661.7808]
Wed 17 Sep 2025 22:40:57 INFO  epoch 4 evaluating [time: 0.60s, valid_score: 0.019400]
Wed 17 Sep 2025 22:40:57 INFO  valid result: 
hit@10 : 0.0394    hit@20 : 0.0681    ndcg@10 : 0.0194    ndcg@20 : 0.0266    mrr@10 : 0.0134    mrr@20 : 0.0153
Wed 17 Sep 2025 22:40:57 INFO  Saving current: saved/EchoMamba4Rec-Sep-17-2025_22-27-08.pth
Wed 17 Sep 2025 22:43:44 INFO  epoch 5 training [time: 166.16s, train loss: 6637.9233]
Wed 17 Sep 2025 22:43:44 INFO  epoch 5 evaluating [time: 0.63s, valid_score: 0.019400]
Wed 17 Sep 2025 22:43:44 INFO  valid result: 
hit@10 : 0.0402    hit@20 : 0.0725    ndcg@10 : 0.0194    ndcg@20 : 0.0275    mrr@10 : 0.0131    mrr@20 : 0.0154
Wed 17 Sep 2025 22:43:44 INFO  Saving current: saved/EchoMamba4Rec-Sep-17-2025_22-27-08.pth
Wed 17 Sep 2025 22:46:29 INFO  epoch 6 training [time: 164.38s, train loss: 6619.0531]
Wed 17 Sep 2025 22:46:29 INFO  epoch 6 evaluating [time: 0.59s, valid_score: 0.021600]
Wed 17 Sep 2025 22:46:29 INFO  valid result: 
hit@10 : 0.0442    hit@20 : 0.078    ndcg@10 : 0.0216    ndcg@20 : 0.03    mrr@10 : 0.0148    mrr@20 : 0.0171
Wed 17 Sep 2025 22:46:29 INFO  Saving current: saved/EchoMamba4Rec-Sep-17-2025_22-27-08.pth
Wed 17 Sep 2025 22:49:16 INFO  epoch 7 training [time: 166.17s, train loss: 6599.5759]
Wed 17 Sep 2025 22:49:16 INFO  epoch 7 evaluating [time: 0.62s, valid_score: 0.022400]
Wed 17 Sep 2025 22:49:16 INFO  valid result: 
hit@10 : 0.047    hit@20 : 0.0791    ndcg@10 : 0.0224    ndcg@20 : 0.0304    mrr@10 : 0.0151    mrr@20 : 0.0173
Wed 17 Sep 2025 22:49:16 INFO  Saving current: saved/EchoMamba4Rec-Sep-17-2025_22-27-08.pth
Wed 17 Sep 2025 22:52:02 INFO  epoch 8 training [time: 166.19s, train loss: 6584.5900]
Wed 17 Sep 2025 22:52:03 INFO  epoch 8 evaluating [time: 0.61s, valid_score: 0.021900]
Wed 17 Sep 2025 22:52:03 INFO  valid result: 
hit@10 : 0.0462    hit@20 : 0.0812    ndcg@10 : 0.0219    ndcg@20 : 0.0306    mrr@10 : 0.0146    mrr@20 : 0.0169
Wed 17 Sep 2025 22:54:49 INFO  epoch 9 training [time: 166.36s, train loss: 6569.9047]
Wed 17 Sep 2025 22:54:50 INFO  epoch 9 evaluating [time: 0.61s, valid_score: 0.020300]
Wed 17 Sep 2025 22:54:50 INFO  valid result: 
hit@10 : 0.041    hit@20 : 0.082    ndcg@10 : 0.0203    ndcg@20 : 0.0306    mrr@10 : 0.0142    mrr@20 : 0.0169
Wed 17 Sep 2025 22:57:36 INFO  epoch 10 training [time: 165.93s, train loss: 6557.8108]
Wed 17 Sep 2025 22:57:37 INFO  epoch 10 evaluating [time: 0.59s, valid_score: 0.022200]
Wed 17 Sep 2025 22:57:37 INFO  valid result: 
hit@10 : 0.0462    hit@20 : 0.082    ndcg@10 : 0.0222    ndcg@20 : 0.0312    mrr@10 : 0.0151    mrr@20 : 0.0175
Wed 17 Sep 2025 23:00:21 INFO  epoch 11 training [time: 164.12s, train loss: 6544.5956]
Wed 17 Sep 2025 23:00:24 INFO  epoch 11 evaluating [time: 3.02s, valid_score: 0.023500]
Wed 17 Sep 2025 23:00:24 INFO  valid result: 
hit@10 : 0.0487    hit@20 : 0.0872    ndcg@10 : 0.0235    ndcg@20 : 0.0332    mrr@10 : 0.016    mrr@20 : 0.0186
Wed 17 Sep 2025 23:00:24 INFO  Saving current: saved/EchoMamba4Rec-Sep-17-2025_22-27-08.pth
Wed 17 Sep 2025 23:03:08 INFO  epoch 12 training [time: 164.12s, train loss: 6533.9829]
Wed 17 Sep 2025 23:03:09 INFO  epoch 12 evaluating [time: 0.64s, valid_score: 0.025000]
Wed 17 Sep 2025 23:03:09 INFO  valid result: 
hit@10 : 0.0515    hit@20 : 0.0894    ndcg@10 : 0.025    ndcg@20 : 0.0345    mrr@10 : 0.0171    mrr@20 : 0.0197
Wed 17 Sep 2025 23:03:09 INFO  Saving current: saved/EchoMamba4Rec-Sep-17-2025_22-27-08.pth
Wed 17 Sep 2025 23:07:42 INFO  epoch 13 training [time: 273.87s, train loss: 6531.1310]
Wed 17 Sep 2025 23:07:44 INFO  epoch 13 evaluating [time: 1.16s, valid_score: 0.023200]
Wed 17 Sep 2025 23:07:44 INFO  valid result: 
hit@10 : 0.0462    hit@20 : 0.0831    ndcg@10 : 0.0232    ndcg@20 : 0.0324    mrr@10 : 0.0164    mrr@20 : 0.0189
Wed 17 Sep 2025 23:12:34 INFO  epoch 14 training [time: 290.25s, train loss: 6518.9681]
Wed 17 Sep 2025 23:12:35 INFO  epoch 14 evaluating [time: 1.17s, valid_score: 0.024900]
Wed 17 Sep 2025 23:12:35 INFO  valid result: 
hit@10 : 0.0525    hit@20 : 0.0883    ndcg@10 : 0.0249    ndcg@20 : 0.0337    mrr@10 : 0.0166    mrr@20 : 0.019
Wed 17 Sep 2025 23:17:25 INFO  epoch 15 training [time: 290.07s, train loss: 6508.6833]
Wed 17 Sep 2025 23:17:26 INFO  epoch 15 evaluating [time: 1.27s, valid_score: 0.024300]
Wed 17 Sep 2025 23:17:26 INFO  valid result: 
hit@10 : 0.0499    hit@20 : 0.0835    ndcg@10 : 0.0243    ndcg@20 : 0.0327    mrr@10 : 0.0167    mrr@20 : 0.0189
Wed 17 Sep 2025 23:22:20 INFO  epoch 16 training [time: 293.17s, train loss: 6503.2457]
Wed 17 Sep 2025 23:22:21 INFO  epoch 16 evaluating [time: 1.54s, valid_score: 0.026200]
Wed 17 Sep 2025 23:22:21 INFO  valid result: 
hit@10 : 0.0528    hit@20 : 0.0883    ndcg@10 : 0.0262    ndcg@20 : 0.035    mrr@10 : 0.0182    mrr@20 : 0.0206
Wed 17 Sep 2025 23:22:21 INFO  Saving current: saved/EchoMamba4Rec-Sep-17-2025_22-27-08.pth
Wed 17 Sep 2025 23:27:16 INFO  epoch 17 training [time: 295.15s, train loss: 6496.9538]
Wed 17 Sep 2025 23:27:18 INFO  epoch 17 evaluating [time: 1.43s, valid_score: 0.024800]
Wed 17 Sep 2025 23:27:18 INFO  valid result: 
hit@10 : 0.05    hit@20 : 0.0875    ndcg@10 : 0.0248    ndcg@20 : 0.0341    mrr@10 : 0.0172    mrr@20 : 0.0197
Wed 17 Sep 2025 23:32:08 INFO  epoch 18 training [time: 289.67s, train loss: 6490.1401]
Wed 17 Sep 2025 23:32:09 INFO  epoch 18 evaluating [time: 1.14s, valid_score: 0.025400]
Wed 17 Sep 2025 23:32:09 INFO  valid result: 
hit@10 : 0.0512    hit@20 : 0.0865    ndcg@10 : 0.0254    ndcg@20 : 0.0343    mrr@10 : 0.0177    mrr@20 : 0.0201
Wed 17 Sep 2025 23:37:01 INFO  epoch 19 training [time: 292.67s, train loss: 6484.4909]
Wed 17 Sep 2025 23:37:03 INFO  epoch 19 evaluating [time: 1.29s, valid_score: 0.025500]
Wed 17 Sep 2025 23:37:03 INFO  valid result: 
hit@10 : 0.0525    hit@20 : 0.0883    ndcg@10 : 0.0255    ndcg@20 : 0.0345    mrr@10 : 0.0175    mrr@20 : 0.02
Wed 17 Sep 2025 23:41:52 INFO  epoch 20 training [time: 289.09s, train loss: 6480.4859]
Wed 17 Sep 2025 23:41:53 INFO  epoch 20 evaluating [time: 1.37s, valid_score: 0.025600]
Wed 17 Sep 2025 23:41:53 INFO  valid result: 
hit@10 : 0.0529    hit@20 : 0.0894    ndcg@10 : 0.0256    ndcg@20 : 0.0348    mrr@10 : 0.0174    mrr@20 : 0.0199
Wed 17 Sep 2025 23:46:53 INFO  epoch 21 training [time: 299.64s, train loss: 6473.7354]
Wed 17 Sep 2025 23:46:54 INFO  epoch 21 evaluating [time: 1.33s, valid_score: 0.028100]
Wed 17 Sep 2025 23:46:54 INFO  valid result: 
hit@10 : 0.0559    hit@20 : 0.093    ndcg@10 : 0.0281    ndcg@20 : 0.0374    mrr@10 : 0.0198    mrr@20 : 0.0222
Wed 17 Sep 2025 23:46:54 INFO  Saving current: saved/EchoMamba4Rec-Sep-17-2025_22-27-08.pth
Wed 17 Sep 2025 23:53:03 INFO  epoch 22 training [time: 368.73s, train loss: 6471.5354]
Wed 17 Sep 2025 23:53:04 INFO  epoch 22 evaluating [time: 0.65s, valid_score: 0.024900]
Wed 17 Sep 2025 23:53:04 INFO  valid result: 
hit@10 : 0.0499    hit@20 : 0.0867    ndcg@10 : 0.0249    ndcg@20 : 0.0342    mrr@10 : 0.0175    mrr@20 : 0.02
Wed 17 Sep 2025 23:55:48 INFO  epoch 23 training [time: 164.64s, train loss: 6465.8390]
Wed 17 Sep 2025 23:55:49 INFO  epoch 23 evaluating [time: 0.68s, valid_score: 0.027600]
Wed 17 Sep 2025 23:55:49 INFO  valid result: 
hit@10 : 0.055    hit@20 : 0.0914    ndcg@10 : 0.0276    ndcg@20 : 0.0367    mrr@10 : 0.0194    mrr@20 : 0.0219
Wed 17 Sep 2025 23:58:35 INFO  epoch 24 training [time: 165.91s, train loss: 6460.7702]
Wed 17 Sep 2025 23:58:36 INFO  epoch 24 evaluating [time: 0.66s, valid_score: 0.026200]
Wed 17 Sep 2025 23:58:36 INFO  valid result: 
hit@10 : 0.0544    hit@20 : 0.0931    ndcg@10 : 0.0262    ndcg@20 : 0.0359    mrr@10 : 0.0178    mrr@20 : 0.0204
Thu 18 Sep 2025 00:01:22 INFO  epoch 25 training [time: 166.27s, train loss: 6458.9582]
Thu 18 Sep 2025 00:01:23 INFO  epoch 25 evaluating [time: 0.67s, valid_score: 0.026300]
Thu 18 Sep 2025 00:01:23 INFO  valid result: 
hit@10 : 0.0531    hit@20 : 0.0904    ndcg@10 : 0.0263    ndcg@20 : 0.0357    mrr@10 : 0.0183    mrr@20 : 0.0209
Thu 18 Sep 2025 00:04:09 INFO  epoch 26 training [time: 166.61s, train loss: 6456.4515]
Thu 18 Sep 2025 00:04:10 INFO  epoch 26 evaluating [time: 0.68s, valid_score: 0.028000]
Thu 18 Sep 2025 00:04:10 INFO  valid result: 
hit@10 : 0.0565    hit@20 : 0.096    ndcg@10 : 0.028    ndcg@20 : 0.0379    mrr@10 : 0.0194    mrr@20 : 0.0221
Thu 18 Sep 2025 00:06:57 INFO  epoch 27 training [time: 167.08s, train loss: 6452.4540]
Thu 18 Sep 2025 00:06:58 INFO  epoch 27 evaluating [time: 0.66s, valid_score: 0.027400]
Thu 18 Sep 2025 00:06:58 INFO  valid result: 
hit@10 : 0.0557    hit@20 : 0.0912    ndcg@10 : 0.0274    ndcg@20 : 0.0363    mrr@10 : 0.0189    mrr@20 : 0.0213
Thu 18 Sep 2025 00:09:45 INFO  epoch 28 training [time: 167.13s, train loss: 6448.2061]
Thu 18 Sep 2025 00:09:45 INFO  epoch 28 evaluating [time: 0.69s, valid_score: 0.026000]
Thu 18 Sep 2025 00:09:45 INFO  valid result: 
hit@10 : 0.051    hit@20 : 0.0914    ndcg@10 : 0.026    ndcg@20 : 0.0362    mrr@10 : 0.0186    mrr@20 : 0.0214
Thu 18 Sep 2025 00:12:32 INFO  epoch 29 training [time: 166.89s, train loss: 6445.0289]
Thu 18 Sep 2025 00:12:33 INFO  epoch 29 evaluating [time: 0.68s, valid_score: 0.027500]
Thu 18 Sep 2025 00:12:33 INFO  valid result: 
hit@10 : 0.0542    hit@20 : 0.0896    ndcg@10 : 0.0275    ndcg@20 : 0.0364    mrr@10 : 0.0195    mrr@20 : 0.0219
Thu 18 Sep 2025 00:15:20 INFO  epoch 30 training [time: 167.01s, train loss: 6444.0007]
Thu 18 Sep 2025 00:15:21 INFO  epoch 30 evaluating [time: 0.66s, valid_score: 0.025000]
Thu 18 Sep 2025 00:15:21 INFO  valid result: 
hit@10 : 0.0502    hit@20 : 0.0878    ndcg@10 : 0.025    ndcg@20 : 0.0344    mrr@10 : 0.0175    mrr@20 : 0.02
Thu 18 Sep 2025 00:18:08 INFO  epoch 31 training [time: 167.02s, train loss: 6441.3620]
Thu 18 Sep 2025 00:18:08 INFO  epoch 31 evaluating [time: 0.68s, valid_score: 0.026600]
Thu 18 Sep 2025 00:18:08 INFO  valid result: 
hit@10 : 0.0534    hit@20 : 0.0906    ndcg@10 : 0.0266    ndcg@20 : 0.0359    mrr@10 : 0.0186    mrr@20 : 0.0211
Thu 18 Sep 2025 00:20:55 INFO  epoch 32 training [time: 166.85s, train loss: 6436.3913]
Thu 18 Sep 2025 00:20:56 INFO  epoch 32 evaluating [time: 0.67s, valid_score: 0.025900]
Thu 18 Sep 2025 00:20:56 INFO  valid result: 
hit@10 : 0.0513    hit@20 : 0.0885    ndcg@10 : 0.0259    ndcg@20 : 0.0351    mrr@10 : 0.0182    mrr@20 : 0.0207
Thu 18 Sep 2025 00:20:56 INFO  Finished training, best eval result in epoch 21
Thu 18 Sep 2025 00:20:56 INFO  Training time: 6827.53 seconds
Thu 18 Sep 2025 00:20:56 INFO  Loading model structure and parameters from saved/EchoMamba4Rec-Sep-17-2025_22-27-08.pth
Thu 18 Sep 2025 00:20:58 INFO  The running environment of this training is as follows:
+-------------+---------------+
| Environment |     Usage     |
+=============+===============+
| CPU         |    0.00 %     |
+-------------+---------------+
| GPU         | 2.95 G/6.00 G |
+-------------+---------------+
| Memory      | 3.53 G/7.62 G |
+-------------+---------------+
Thu 18 Sep 2025 00:20:58 INFO  best valid : OrderedDict([('hit@10', 0.0559), ('hit@20', 0.093), ('ndcg@10', 0.0281), ('ndcg@20', 0.0374), ('mrr@10', 0.0198), ('mrr@20', 0.0222)])
Thu 18 Sep 2025 00:20:58 INFO  test result: OrderedDict([('hit@10', 0.0492), ('hit@20', 0.0893), ('ndcg@10', 0.0261), ('ndcg@20', 0.036), ('mrr@10', 0.0191), ('mrr@20', 0.0218)])
Thu 18 Sep 2025 00:20:58 INFO  Inference time: 0.006010 seconds for a batch of size 1024
这个是有Filter Layer的
