Mon 22 Sep 2025 17:18:03 INFO  ['run.py']
Mon 22 Sep 2025 17:18:03 INFO  
General Hyper Parameters:
gpu_id = 0
use_gpu = True
seed = 2020
state = INFO
reproducibility = True
data_path = dataset/ml-1m
checkpoint_dir = saved
show_progress = True
save_dataset = False
dataset_save_path = None
save_dataloaders = False
dataloaders_save_path = None
log_wandb = True

Training Hyper Parameters:
epochs = 300
train_batch_size = 1024
learner = adam
learning_rate = 0.0001
train_neg_sample_args = {'distribution': 'none', 'sample_num': 'none', 'alpha': 'none', 'dynamic': False, 'candidate_num': 0}
eval_step = 1
stopping_step = 10
clip_grad_norm = None
weight_decay = 0.0
loss_decimal_place = 4

Evaluation Hyper Parameters:
eval_args = {'split': {'LS': 'valid_and_test'}, 'order': 'TO', 'group_by': 'user', 'mode': {'valid': 'full', 'test': 'full'}}
repeatable = True
metrics = ['Hit', 'NDCG', 'MRR']
topk = [10, 20]
valid_metric = NDCG@10
valid_metric_bigger = True
eval_batch_size = 2048
metric_decimal_place = 4

Dataset Hyper Parameters:
field_separator = 	
seq_separator =  
USER_ID_FIELD = user_id
ITEM_ID_FIELD = item_id
RATING_FIELD = rating
TIME_FIELD = timestamp
seq_len = None
LABEL_FIELD = label
threshold = None
NEG_PREFIX = neg_
load_col = {'inter': ['user_id', 'item_id', 'timestamp']}
unload_col = None
unused_col = None
additional_feat_suffix = None
rm_dup_inter = None
val_interval = None
filter_inter_by_user_or_item = True
user_inter_num_interval = [5,inf)
item_inter_num_interval = [5,inf)
alias_of_user_id = None
alias_of_item_id = None
alias_of_entity_id = None
alias_of_relation_id = None
preload_weight = None
normalize_field = None
normalize_all = None
ITEM_LIST_LENGTH_FIELD = item_length
LIST_SUFFIX = _list
MAX_ITEM_LIST_LENGTH = 200
POSITION_FIELD = position_id
HEAD_ENTITY_ID_FIELD = head_id
TAIL_ENTITY_ID_FIELD = tail_id
RELATION_ID_FIELD = relation_id
ENTITY_ID_FIELD = entity_id
benchmark_filename = None

Other Hyper Parameters: 
worker = 0
wandb_project = recbole
shuffle = True
require_pow = False
enable_amp = False
enable_scaler = False
transform = None
numerical_features = []
discretization = None
kg_reverse_r = False
entity_kg_num_interval = [0,inf)
relation_kg_num_interval = [0,inf)
MODEL_TYPE = ModelType.SEQUENTIAL
hidden_size = 64
num_layers = 1
dropout_prob = 0.2
loss_type = CE
d_state = 32
d_conv = 4
expand = 2
initializer_range = 0.02
num_experts = 2
num_heads = 8
hidden_dim = 3
early_stop = True
early_stop_metric = HR@10
early_stop_mode = max
early_stop_patience = 5
save_best_model = True
lmd = 0.1
lmd_sem = 0.1
tau = 1
contrast = us_x
sim = dot
hidden_dropout_prob = 0.5
attn_dropout_prob = 0.5
inner_size = 256
MODEL_INPUT_TYPE = InputType.POINTWISE
eval_type = EvaluatorType.RANKING
single_spec = True
local_rank = 0
device = cuda
valid_neg_sample_args = {'distribution': 'uniform', 'sample_num': 'none'}
test_neg_sample_args = {'distribution': 'uniform', 'sample_num': 'none'}


Mon 22 Sep 2025 17:18:07 INFO  ml-1m
The number of users: 6041
Average actions of users: 165.49850993377484
The number of items: 3417
Average actions of items: 292.6261709601874
The number of inters: 999611
The sparsity of the dataset: 95.15741545057172%
Remain Fields: ['user_id', 'item_id', 'timestamp']
Mon 22 Sep 2025 17:18:18 INFO  [Training]: train_batch_size = [1024] train_neg_sample_args: [{'distribution': 'none', 'sample_num': 'none', 'alpha': 'none', 'dynamic': False, 'candidate_num': 0}]
Mon 22 Sep 2025 17:18:18 INFO  [Evaluation]: eval_batch_size = [2048] eval_args: [{'split': {'LS': 'valid_and_test'}, 'order': 'TO', 'group_by': 'user', 'mode': {'valid': 'full', 'test': 'full'}}]
Mon 22 Sep 2025 17:18:21 INFO  EchoMamba4Rec(
  (item_embedding): Embedding(3417, 64, padding_idx=0)
  (LayerNorm): LayerNorm((64,), eps=1e-12, elementwise_affine=True)
  (dropout): Dropout(p=0.2, inplace=False)
  (mamba_layers): ModuleList(
    (0): BiMambaLayer(
      (filter_layer): FilterLayer(
        (out_dropout): Dropout(p=0.2, inplace=False)
        (LayerNorm): LayerNorm((64,), eps=1e-12, elementwise_affine=True)
      )
      (norms_forward): ModuleList(
        (0): LayerNorm((64,), eps=1e-05, elementwise_affine=True)
      )
      (norms_backward): ModuleList(
        (0): LayerNorm((64,), eps=1e-05, elementwise_affine=True)
      )
      (mamba_forwards): ModuleList(
        (0): Mamba(
          (in_proj): Linear(in_features=64, out_features=256, bias=False)
          (conv1d): Conv1d(128, 128, kernel_size=(4,), stride=(1,), padding=(3,), groups=128)
          (act): SiLU()
          (x_proj): Linear(in_features=128, out_features=68, bias=False)
          (dt_proj): Linear(in_features=4, out_features=128, bias=True)
          (out_proj): Linear(in_features=128, out_features=64, bias=False)
          (fourier_proj_real): Linear(in_features=200, out_features=200, bias=True)
          (fourier_proj_image): Linear(in_features=200, out_features=200, bias=True)
          (fourier_proj_A): Linear(in_features=2, out_features=1, bias=True)
          (fourier_proj_B): Linear(in_features=2, out_features=1, bias=True)
          (fourier_proj_C): Linear(in_features=66, out_features=200, bias=True)
          (tcn): Conv1d(128, 128, kernel_size=(4,), stride=(3,))
          (tcn_final): Conv1d(200, 200, kernel_size=(2,), stride=(2,))
          (filter_layer): FrequencyLayer(
            (out_dropout): Dropout(p=0.2, inplace=False)
            (LayerNorm): LayerNorm((200,), eps=1e-12, elementwise_affine=True)
          )
        )
      )
      (mamba_backwards): ModuleList(
        (0): Mamba(
          (in_proj): Linear(in_features=64, out_features=256, bias=False)
          (conv1d): Conv1d(128, 128, kernel_size=(4,), stride=(1,), padding=(3,), groups=128)
          (act): SiLU()
          (x_proj): Linear(in_features=128, out_features=68, bias=False)
          (dt_proj): Linear(in_features=4, out_features=128, bias=True)
          (out_proj): Linear(in_features=128, out_features=64, bias=False)
          (fourier_proj_real): Linear(in_features=200, out_features=200, bias=True)
          (fourier_proj_image): Linear(in_features=200, out_features=200, bias=True)
          (fourier_proj_A): Linear(in_features=2, out_features=1, bias=True)
          (fourier_proj_B): Linear(in_features=2, out_features=1, bias=True)
          (fourier_proj_C): Linear(in_features=66, out_features=200, bias=True)
          (tcn): Conv1d(128, 128, kernel_size=(4,), stride=(3,))
          (tcn_final): Conv1d(200, 200, kernel_size=(2,), stride=(2,))
          (filter_layer): FrequencyLayer(
            (out_dropout): Dropout(p=0.2, inplace=False)
            (LayerNorm): LayerNorm((200,), eps=1e-12, elementwise_affine=True)
          )
        )
      )
      (dropout): Dropout(p=0.2, inplace=False)
      (glu): GLU(
        (fc1): Linear(in_features=64, out_features=128, bias=True)
        (fc2): Linear(in_features=64, out_features=64, bias=True)
        (dropout): Dropout(p=0.2, inplace=False)
        (LayerNorm): LayerNorm((64,), eps=1e-12, elementwise_affine=True)
      )
      (multi_query_transformer_block): MultiQueryTransformerBlock(
        (multihead_attn): MultiheadAttention(
          (out_proj): NonDynamicallyQuantizableLinear(in_features=64, out_features=64, bias=True)
        )
        (glu): GLU(
          (fc1): Linear(in_features=64, out_features=128, bias=True)
          (fc2): Linear(in_features=64, out_features=64, bias=True)
          (dropout): Dropout(p=0.2, inplace=False)
          (LayerNorm): LayerNorm((64,), eps=1e-12, elementwise_affine=True)
        )
        (linear1): Linear(in_features=64, out_features=256, bias=True)
        (dropout): Dropout(p=0.2, inplace=False)
        (linear2): Linear(in_features=256, out_features=64, bias=True)
        (norm1): LayerNorm((64,), eps=1e-05, elementwise_affine=True)
        (norm2): LayerNorm((64,), eps=1e-05, elementwise_affine=True)
        (dropout1): Dropout(p=0.2, inplace=False)
        (dropout2): Dropout(p=0.2, inplace=False)
      )
    )
  )
  (l1): Sequential(
    (0): Conv1d(200, 200, kernel_size=(4,), stride=(3,))
    (1): GELU(approximate='none')
    (2): Linear(in_features=341, out_features=64, bias=True)
    (3): GELU(approximate='none')
  )
  (loss_fct): CrossEntropyLoss()
)
Trainable parameters: 1047526
Mon 22 Sep 2025 17:18:22 INFO  FLOPs: 293145664.0
Mon 22 Sep 2025 17:33:40 INFO  epoch 0 training [time: 818.91s, train loss: 7359.5926]
Mon 22 Sep 2025 17:33:41 INFO  epoch 0 evaluating [time: 0.98s, valid_score: 0.010300]
Mon 22 Sep 2025 17:33:41 INFO  valid result: 
hit@10 : 0.0214    hit@20 : 0.0464    ndcg@10 : 0.0103    ndcg@20 : 0.0166    mrr@10 : 0.0071    mrr@20 : 0.0088
Mon 22 Sep 2025 17:33:41 INFO  Saving current: saved/EchoMamba4Rec-Sep-22-2025_17-20-01.pth
Mon 22 Sep 2025 17:46:19 INFO  epoch 1 training [time: 758.49s, train loss: 6988.7103]
Mon 22 Sep 2025 17:46:20 INFO  epoch 1 evaluating [time: 0.68s, valid_score: 0.021800]
Mon 22 Sep 2025 17:46:20 INFO  valid result: 
hit@10 : 0.046    hit@20 : 0.0793    ndcg@10 : 0.0218    ndcg@20 : 0.0302    mrr@10 : 0.0146    mrr@20 : 0.0168
Mon 22 Sep 2025 17:46:20 INFO  Saving current: saved/EchoMamba4Rec-Sep-22-2025_17-20-01.pth
Mon 22 Sep 2025 18:05:31 INFO  epoch 2 training [time: 1150.77s, train loss: 6680.7372]
Mon 22 Sep 2025 18:05:32 INFO  epoch 2 evaluating [time: 0.67s, valid_score: 0.040000]
Mon 22 Sep 2025 18:05:32 INFO  valid result: 
hit@10 : 0.0823    hit@20 : 0.1329    ndcg@10 : 0.04    ndcg@20 : 0.0526    mrr@10 : 0.0273    mrr@20 : 0.0307
Mon 22 Sep 2025 18:05:32 INFO  Saving current: saved/EchoMamba4Rec-Sep-22-2025_17-20-01.pth
Mon 22 Sep 2025 18:23:28 INFO  epoch 3 training [time: 1075.75s, train loss: 6452.0420]
Mon 22 Sep 2025 18:23:28 INFO  epoch 3 evaluating [time: 0.69s, valid_score: 0.051900]
Mon 22 Sep 2025 18:23:28 INFO  valid result: 
hit@10 : 0.1045    hit@20 : 0.1632    ndcg@10 : 0.0519    ndcg@20 : 0.0667    mrr@10 : 0.0361    mrr@20 : 0.0401
Mon 22 Sep 2025 18:23:28 INFO  Saving current: saved/EchoMamba4Rec-Sep-22-2025_17-20-01.pth
Mon 22 Sep 2025 18:36:37 INFO  epoch 4 training [time: 788.59s, train loss: 6263.0300]
Mon 22 Sep 2025 18:36:38 INFO  epoch 4 evaluating [time: 0.70s, valid_score: 0.065400]
Mon 22 Sep 2025 18:36:38 INFO  valid result: 
hit@10 : 0.1268    hit@20 : 0.196    ndcg@10 : 0.0654    ndcg@20 : 0.0828    mrr@10 : 0.0468    mrr@20 : 0.0515
Mon 22 Sep 2025 18:36:38 INFO  Saving current: saved/EchoMamba4Rec-Sep-22-2025_17-20-01.pth
Mon 22 Sep 2025 18:54:57 INFO  epoch 5 training [time: 1099.05s, train loss: 6090.1881]
Mon 22 Sep 2025 18:54:58 INFO  epoch 5 evaluating [time: 0.65s, valid_score: 0.079000]
Mon 22 Sep 2025 18:54:58 INFO  valid result: 
hit@10 : 0.152    hit@20 : 0.2286    ndcg@10 : 0.079    ndcg@20 : 0.0984    mrr@10 : 0.0568    mrr@20 : 0.0621
Mon 22 Sep 2025 18:54:58 INFO  Saving current: saved/EchoMamba4Rec-Sep-22-2025_17-20-01.pth
Mon 22 Sep 2025 19:11:33 INFO  epoch 6 training [time: 995.06s, train loss: 5933.8256]
Mon 22 Sep 2025 19:11:34 INFO  epoch 6 evaluating [time: 0.87s, valid_score: 0.089000]
Mon 22 Sep 2025 19:11:34 INFO  valid result: 
hit@10 : 0.1662    hit@20 : 0.2536    ndcg@10 : 0.089    ndcg@20 : 0.111    mrr@10 : 0.0653    mrr@20 : 0.0714
Mon 22 Sep 2025 19:11:34 INFO  Saving current: saved/EchoMamba4Rec-Sep-22-2025_17-20-01.pth
Mon 22 Sep 2025 19:25:46 INFO  epoch 7 training [time: 851.77s, train loss: 5814.7681]
Mon 22 Sep 2025 19:25:46 INFO  epoch 7 evaluating [time: 0.76s, valid_score: 0.097000]
Mon 22 Sep 2025 19:25:46 INFO  valid result: 
hit@10 : 0.182    hit@20 : 0.2733    ndcg@10 : 0.097    ndcg@20 : 0.1201    mrr@10 : 0.0712    mrr@20 : 0.0775
Mon 22 Sep 2025 19:25:46 INFO  Saving current: saved/EchoMamba4Rec-Sep-22-2025_17-20-01.pth
Mon 22 Sep 2025 19:39:42 INFO  epoch 8 training [time: 835.53s, train loss: 5730.0536]
Mon 22 Sep 2025 19:39:43 INFO  epoch 8 evaluating [time: 1.06s, valid_score: 0.102300]
Mon 22 Sep 2025 19:39:43 INFO  valid result: 
hit@10 : 0.1957    hit@20 : 0.2863    ndcg@10 : 0.1023    ndcg@20 : 0.1251    mrr@10 : 0.0741    mrr@20 : 0.0803
Mon 22 Sep 2025 19:39:43 INFO  Saving current: saved/EchoMamba4Rec-Sep-22-2025_17-20-01.pth
Mon 22 Sep 2025 19:54:35 INFO  epoch 9 training [time: 891.44s, train loss: 5663.9963]
Mon 22 Sep 2025 19:54:35 INFO  epoch 9 evaluating [time: 0.70s, valid_score: 0.107000]
Mon 22 Sep 2025 19:54:35 INFO  valid result: 
hit@10 : 0.2056    hit@20 : 0.2985    ndcg@10 : 0.107    ndcg@20 : 0.1302    mrr@10 : 0.0773    mrr@20 : 0.0835
Mon 22 Sep 2025 19:54:35 INFO  Saving current: saved/EchoMamba4Rec-Sep-22-2025_17-20-01.pth
Mon 22 Sep 2025 20:10:52 INFO  epoch 10 training [time: 976.88s, train loss: 5609.8663]
Mon 22 Sep 2025 20:10:56 INFO  epoch 10 evaluating [time: 3.32s, valid_score: 0.111100]
Mon 22 Sep 2025 20:10:56 INFO  valid result: 
hit@10 : 0.2116    hit@20 : 0.3089    ndcg@10 : 0.1111    ndcg@20 : 0.1356    mrr@10 : 0.0807    mrr@20 : 0.0874
Mon 22 Sep 2025 20:10:56 INFO  Saving current: saved/EchoMamba4Rec-Sep-22-2025_17-20-01.pth
Mon 22 Sep 2025 20:33:32 INFO  epoch 11 training [time: 1356.49s, train loss: 5565.3439]
Mon 22 Sep 2025 20:33:33 INFO  epoch 11 evaluating [time: 0.71s, valid_score: 0.113100]
Mon 22 Sep 2025 20:33:33 INFO  valid result: 
hit@10 : 0.2167    hit@20 : 0.3164    ndcg@10 : 0.1131    ndcg@20 : 0.1382    mrr@10 : 0.0817    mrr@20 : 0.0886
Mon 22 Sep 2025 20:33:33 INFO  Saving current: saved/EchoMamba4Rec-Sep-22-2025_17-20-01.pth
