Sat 20 Sep 2025 16:56:37 INFO  ['run.py']
Sat 20 Sep 2025 16:56:37 INFO  
General Hyper Parameters:
gpu_id = 0
use_gpu = True
seed = 2020
state = INFO
reproducibility = True
data_path = dataset/nyc
checkpoint_dir = saved
show_progress = True
save_dataset = False
dataset_save_path = None
save_dataloaders = False
dataloaders_save_path = None
log_wandb = False

Training Hyper Parameters:
epochs = 300
train_batch_size = 512
learner = adam
learning_rate = 0.001
train_neg_sample_args = {'distribution': 'none', 'sample_num': 'none', 'alpha': 'none', 'dynamic': False, 'candidate_num': 0}
eval_step = 1
stopping_step = 10
clip_grad_norm = None
weight_decay = 0.0
loss_decimal_place = 4

Evaluation Hyper Parameters:
eval_args = {'split': {'LS': 'valid_and_test'}, 'order': 'TO', 'group_by': 'user', 'mode': {'valid': 'full', 'test': 'full'}}
repeatable = True
metrics = ['Hit', 'NDCG', 'MRR']
topk = [10, 20]
valid_metric = NDCG@10
valid_metric_bigger = True
eval_batch_size = 1024
metric_decimal_place = 4

Dataset Hyper Parameters:
field_separator = 	
seq_separator =  
USER_ID_FIELD = user_id
ITEM_ID_FIELD = item_id
RATING_FIELD = rating
TIME_FIELD = timestamp
seq_len = None
LABEL_FIELD = label
threshold = None
NEG_PREFIX = neg_
load_col = {'inter': ['user_id', 'item_id', 'timestamp']}
unload_col = None
unused_col = None
additional_feat_suffix = None
rm_dup_inter = None
val_interval = None
filter_inter_by_user_or_item = True
user_inter_num_interval = [5,inf)
item_inter_num_interval = [5,inf)
alias_of_user_id = None
alias_of_item_id = None
alias_of_entity_id = None
alias_of_relation_id = None
preload_weight = None
normalize_field = None
normalize_all = None
ITEM_LIST_LENGTH_FIELD = item_length
LIST_SUFFIX = _list
MAX_ITEM_LIST_LENGTH = 200
POSITION_FIELD = position_id
HEAD_ENTITY_ID_FIELD = head_id
TAIL_ENTITY_ID_FIELD = tail_id
RELATION_ID_FIELD = relation_id
ENTITY_ID_FIELD = entity_id
benchmark_filename = None

Other Hyper Parameters: 
worker = 0
wandb_project = recbole
shuffle = True
require_pow = False
enable_amp = False
enable_scaler = False
transform = None
numerical_features = []
discretization = None
kg_reverse_r = False
entity_kg_num_interval = [0,inf)
relation_kg_num_interval = [0,inf)
MODEL_TYPE = ModelType.SEQUENTIAL
n_layers = 2
n_heads = 2
hidden_size = 64
inner_size = 256
hidden_dropout_prob = 0.5
attn_dropout_prob = 0.5
hidden_act = gelu
layer_norm_eps = 1e-12
initializer_range = 0.02
loss_type = CE
lmd = 0.1
lmd_sem = 0.1
SSL_AUG = DuoRec
early_stop = True
early_stop_metric = HR@10
early_stop_mode = max
early_stop_patience = 5
save_best_model = True
hidden_dim = 3
MODEL_INPUT_TYPE = InputType.POINTWISE
eval_type = EvaluatorType.RANKING
single_spec = True
local_rank = 0
device = cuda
valid_neg_sample_args = {'distribution': 'uniform', 'sample_num': 'none'}
test_neg_sample_args = {'distribution': 'uniform', 'sample_num': 'none'}


Sat 20 Sep 2025 16:56:39 INFO  nyc
The number of users: 6196
Average actions of users: 77.3047619047619
The number of items: 4501
Average actions of items: 106.42288888888889
The number of inters: 478903
The sparsity of the dataset: 98.28277526448824%
Remain Fields: ['user_id', 'item_id', 'timestamp']
Sat 20 Sep 2025 16:56:43 INFO  [Training]: train_batch_size = [512] train_neg_sample_args: [{'distribution': 'none', 'sample_num': 'none', 'alpha': 'none', 'dynamic': False, 'candidate_num': 0}]
Sat 20 Sep 2025 16:56:43 INFO  [Evaluation]: eval_batch_size = [1024] eval_args: [{'split': {'LS': 'valid_and_test'}, 'order': 'TO', 'group_by': 'user', 'mode': {'valid': 'full', 'test': 'full'}}]
Sat 20 Sep 2025 16:56:43 INFO  DuoRec(
  (item_embedding): Embedding(4501, 64, padding_idx=0)
  (position_embedding): Embedding(200, 64)
  (trm_encoder): TransformerEncoder(
    (layer): ModuleList(
      (0-1): 2 x TransformerLayer(
        (multi_head_attention): MultiHeadAttention(
          (query): Linear(in_features=64, out_features=64, bias=True)
          (key): Linear(in_features=64, out_features=64, bias=True)
          (value): Linear(in_features=64, out_features=64, bias=True)
          (softmax): Softmax(dim=-1)
          (attn_dropout): Dropout(p=0.5, inplace=False)
          (dense): Linear(in_features=64, out_features=64, bias=True)
          (LayerNorm): LayerNorm((64,), eps=1e-12, elementwise_affine=True)
          (out_dropout): Dropout(p=0.5, inplace=False)
        )
        (feed_forward): FeedForward(
          (dense_1): Linear(in_features=64, out_features=256, bias=True)
          (dense_2): Linear(in_features=256, out_features=64, bias=True)
          (LayerNorm): LayerNorm((64,), eps=1e-12, elementwise_affine=True)
          (dropout): Dropout(p=0.5, inplace=False)
        )
      )
    )
  )
  (LayerNorm): LayerNorm((64,), eps=1e-12, elementwise_affine=True)
  (dropout): Dropout(p=0.5, inplace=False)
  (loss_fct): CrossEntropyLoss()
  (aug_nce_fct): CrossEntropyLoss()
  (sem_aug_nce_fct): CrossEntropyLoss()
)
Trainable parameters: 400960
Sat 20 Sep 2025 16:56:43 INFO  FLOPs: 20293664.0
Sat 20 Sep 2025 17:01:23 INFO  epoch 0 training [time: 279.48s, train loss: 7171.6025]
Sat 20 Sep 2025 17:01:24 INFO  epoch 0 evaluating [time: 0.60s, valid_score: 0.017100]
Sat 20 Sep 2025 17:01:24 INFO  valid result: 
hit@10 : 0.0341    hit@20 : 0.06    ndcg@10 : 0.0171    ndcg@20 : 0.0236    mrr@10 : 0.012    mrr@20 : 0.0138
Sat 20 Sep 2025 17:01:24 INFO  Saving current: saved/DuoRec-Sep-20-2025_16-56-43.pth
Sat 20 Sep 2025 17:05:51 INFO  epoch 1 training [time: 267.23s, train loss: 6812.7059]
Sat 20 Sep 2025 17:05:51 INFO  epoch 1 evaluating [time: 0.51s, valid_score: 0.020100]
Sat 20 Sep 2025 17:05:51 INFO  valid result: 
hit@10 : 0.0423    hit@20 : 0.0702    ndcg@10 : 0.0201    ndcg@20 : 0.027    mrr@10 : 0.0134    mrr@20 : 0.0153
Sat 20 Sep 2025 17:05:52 INFO  Saving current: saved/DuoRec-Sep-20-2025_16-56-43.pth
Sat 20 Sep 2025 17:10:25 INFO  epoch 2 training [time: 273.69s, train loss: 6735.6794]
Sat 20 Sep 2025 17:10:26 INFO  epoch 2 evaluating [time: 0.52s, valid_score: 0.021500]
Sat 20 Sep 2025 17:10:26 INFO  valid result: 
hit@10 : 0.0439    hit@20 : 0.0746    ndcg@10 : 0.0215    ndcg@20 : 0.0292    mrr@10 : 0.0148    mrr@20 : 0.0168
Sat 20 Sep 2025 17:10:26 INFO  Saving current: saved/DuoRec-Sep-20-2025_16-56-43.pth
Sat 20 Sep 2025 17:16:46 INFO  epoch 3 training [time: 379.94s, train loss: 6683.2233]
Sat 20 Sep 2025 17:16:47 INFO  epoch 3 evaluating [time: 0.88s, valid_score: 0.022100]
Sat 20 Sep 2025 17:16:47 INFO  valid result: 
hit@10 : 0.0449    hit@20 : 0.0789    ndcg@10 : 0.0221    ndcg@20 : 0.0307    mrr@10 : 0.0153    mrr@20 : 0.0176
Sat 20 Sep 2025 17:16:47 INFO  Saving current: saved/DuoRec-Sep-20-2025_16-56-43.pth
Sat 20 Sep 2025 17:23:07 INFO  epoch 4 training [time: 380.33s, train loss: 6649.3717]
Sat 20 Sep 2025 17:23:08 INFO  epoch 4 evaluating [time: 0.82s, valid_score: 0.023800]
Sat 20 Sep 2025 17:23:08 INFO  valid result: 
hit@10 : 0.0487    hit@20 : 0.0839    ndcg@10 : 0.0238    ndcg@20 : 0.0326    mrr@10 : 0.0164    mrr@20 : 0.0188
Sat 20 Sep 2025 17:23:08 INFO  Saving current: saved/DuoRec-Sep-20-2025_16-56-43.pth
Sat 20 Sep 2025 17:29:34 INFO  epoch 5 training [time: 386.24s, train loss: 6622.5407]
Sat 20 Sep 2025 17:29:35 INFO  epoch 5 evaluating [time: 0.70s, valid_score: 0.025600]
Sat 20 Sep 2025 17:29:35 INFO  valid result: 
hit@10 : 0.0525    hit@20 : 0.0868    ndcg@10 : 0.0256    ndcg@20 : 0.0342    mrr@10 : 0.0175    mrr@20 : 0.0198
Sat 20 Sep 2025 17:29:35 INFO  Saving current: saved/DuoRec-Sep-20-2025_16-56-43.pth
Sat 20 Sep 2025 17:36:03 INFO  epoch 6 training [time: 387.84s, train loss: 6602.0888]
Sat 20 Sep 2025 17:36:04 INFO  epoch 6 evaluating [time: 0.73s, valid_score: 0.026500]
Sat 20 Sep 2025 17:36:04 INFO  valid result: 
hit@10 : 0.0531    hit@20 : 0.0902    ndcg@10 : 0.0265    ndcg@20 : 0.0358    mrr@10 : 0.0185    mrr@20 : 0.021
Sat 20 Sep 2025 17:36:04 INFO  Saving current: saved/DuoRec-Sep-20-2025_16-56-43.pth
Sat 20 Sep 2025 17:42:28 INFO  epoch 7 training [time: 384.59s, train loss: 6585.6326]
Sat 20 Sep 2025 17:42:29 INFO  epoch 7 evaluating [time: 0.54s, valid_score: 0.026700]
Sat 20 Sep 2025 17:42:29 INFO  valid result: 
hit@10 : 0.0541    hit@20 : 0.0859    ndcg@10 : 0.0267    ndcg@20 : 0.0347    mrr@10 : 0.0185    mrr@20 : 0.0206
Sat 20 Sep 2025 17:42:29 INFO  Saving current: saved/DuoRec-Sep-20-2025_16-56-43.pth
Sat 20 Sep 2025 17:46:58 INFO  epoch 8 training [time: 269.09s, train loss: 6572.9770]
Sat 20 Sep 2025 17:46:58 INFO  epoch 8 evaluating [time: 0.55s, valid_score: 0.026100]
Sat 20 Sep 2025 17:46:58 INFO  valid result: 
hit@10 : 0.0544    hit@20 : 0.0927    ndcg@10 : 0.0261    ndcg@20 : 0.0357    mrr@10 : 0.0177    mrr@20 : 0.0203
Sat 20 Sep 2025 17:53:01 INFO  epoch 9 training [time: 362.43s, train loss: 6561.7490]
Sat 20 Sep 2025 17:53:01 INFO  epoch 9 evaluating [time: 0.55s, valid_score: 0.026300]
Sat 20 Sep 2025 17:53:01 INFO  valid result: 
hit@10 : 0.0531    hit@20 : 0.0939    ndcg@10 : 0.0263    ndcg@20 : 0.0365    mrr@10 : 0.0183    mrr@20 : 0.021
Sat 20 Sep 2025 17:57:27 INFO  epoch 10 training [time: 265.81s, train loss: 6551.1040]
Sat 20 Sep 2025 17:57:28 INFO  epoch 10 evaluating [time: 0.54s, valid_score: 0.027000]
Sat 20 Sep 2025 17:57:28 INFO  valid result: 
hit@10 : 0.0547    hit@20 : 0.0901    ndcg@10 : 0.027    ndcg@20 : 0.0359    mrr@10 : 0.0188    mrr@20 : 0.0212
Sat 20 Sep 2025 17:57:28 INFO  Saving current: saved/DuoRec-Sep-20-2025_16-56-43.pth
Sat 20 Sep 2025 18:01:40 INFO  epoch 11 training [time: 252.39s, train loss: 6542.9673]
Sat 20 Sep 2025 18:01:41 INFO  epoch 11 evaluating [time: 0.52s, valid_score: 0.026500]
Sat 20 Sep 2025 18:01:41 INFO  valid result: 
hit@10 : 0.0546    hit@20 : 0.0948    ndcg@10 : 0.0265    ndcg@20 : 0.0365    mrr@10 : 0.0181    mrr@20 : 0.0208
Sat 20 Sep 2025 18:05:50 INFO  epoch 12 training [time: 248.77s, train loss: 6534.0953]
Sat 20 Sep 2025 18:05:50 INFO  epoch 12 evaluating [time: 0.52s, valid_score: 0.027700]
Sat 20 Sep 2025 18:05:50 INFO  valid result: 
hit@10 : 0.056    hit@20 : 0.097    ndcg@10 : 0.0277    ndcg@20 : 0.038    mrr@10 : 0.0193    mrr@20 : 0.0221
Sat 20 Sep 2025 18:05:50 INFO  Saving current: saved/DuoRec-Sep-20-2025_16-56-43.pth
Sat 20 Sep 2025 18:09:58 INFO  epoch 13 training [time: 248.16s, train loss: 6525.5630]
Sat 20 Sep 2025 18:09:59 INFO  epoch 13 evaluating [time: 0.51s, valid_score: 0.026400]
Sat 20 Sep 2025 18:09:59 INFO  valid result: 
hit@10 : 0.056    hit@20 : 0.0935    ndcg@10 : 0.0264    ndcg@20 : 0.0358    mrr@10 : 0.0176    mrr@20 : 0.0201
Sat 20 Sep 2025 18:14:09 INFO  epoch 14 training [time: 250.38s, train loss: 6519.0814]
Sat 20 Sep 2025 18:14:10 INFO  epoch 14 evaluating [time: 0.50s, valid_score: 0.028400]
Sat 20 Sep 2025 18:14:10 INFO  valid result: 
hit@10 : 0.0596    hit@20 : 0.0999    ndcg@10 : 0.0284    ndcg@20 : 0.0386    mrr@10 : 0.0192    mrr@20 : 0.022
Sat 20 Sep 2025 18:14:10 INFO  Saving current: saved/DuoRec-Sep-20-2025_16-56-43.pth
Sat 20 Sep 2025 18:18:20 INFO  epoch 15 training [time: 250.41s, train loss: 6512.5954]
Sat 20 Sep 2025 18:18:21 INFO  epoch 15 evaluating [time: 0.52s, valid_score: 0.027700]
Sat 20 Sep 2025 18:18:21 INFO  valid result: 
hit@10 : 0.0583    hit@20 : 0.0977    ndcg@10 : 0.0277    ndcg@20 : 0.0375    mrr@10 : 0.0186    mrr@20 : 0.0212
Sat 20 Sep 2025 18:22:32 INFO  epoch 16 training [time: 251.62s, train loss: 6507.4838]
Sat 20 Sep 2025 18:22:33 INFO  epoch 16 evaluating [time: 0.53s, valid_score: 0.028200]
Sat 20 Sep 2025 18:22:33 INFO  valid result: 
hit@10 : 0.0571    hit@20 : 0.1048    ndcg@10 : 0.0282    ndcg@20 : 0.0401    mrr@10 : 0.0196    mrr@20 : 0.0228
Sat 20 Sep 2025 18:26:44 INFO  epoch 17 training [time: 251.52s, train loss: 6503.2544]
Sat 20 Sep 2025 18:26:45 INFO  epoch 17 evaluating [time: 0.51s, valid_score: 0.027200]
Sat 20 Sep 2025 18:26:45 INFO  valid result: 
hit@10 : 0.0554    hit@20 : 0.0977    ndcg@10 : 0.0272    ndcg@20 : 0.0377    mrr@10 : 0.0188    mrr@20 : 0.0216
Sat 20 Sep 2025 18:30:59 INFO  epoch 18 training [time: 253.79s, train loss: 6497.6454]
Sat 20 Sep 2025 18:30:59 INFO  epoch 18 evaluating [time: 0.51s, valid_score: 0.029700]
Sat 20 Sep 2025 18:30:59 INFO  valid result: 
hit@10 : 0.0605    hit@20 : 0.1006    ndcg@10 : 0.0297    ndcg@20 : 0.0397    mrr@10 : 0.0205    mrr@20 : 0.0232
Sat 20 Sep 2025 18:30:59 INFO  Saving current: saved/DuoRec-Sep-20-2025_16-56-43.pth
Sat 20 Sep 2025 18:35:08 INFO  epoch 19 training [time: 249.03s, train loss: 6493.5721]
Sat 20 Sep 2025 18:35:09 INFO  epoch 19 evaluating [time: 0.53s, valid_score: 0.027500]
Sat 20 Sep 2025 18:35:09 INFO  valid result: 
hit@10 : 0.0563    hit@20 : 0.0973    ndcg@10 : 0.0275    ndcg@20 : 0.0378    mrr@10 : 0.0188    mrr@20 : 0.0216
Sat 20 Sep 2025 18:39:21 INFO  epoch 20 training [time: 252.12s, train loss: 6488.6434]
Sat 20 Sep 2025 18:39:21 INFO  epoch 20 evaluating [time: 0.51s, valid_score: 0.027400]
Sat 20 Sep 2025 18:39:21 INFO  valid result: 
hit@10 : 0.0568    hit@20 : 0.096    ndcg@10 : 0.0274    ndcg@20 : 0.0372    mrr@10 : 0.0186    mrr@20 : 0.0213
Sat 20 Sep 2025 18:43:33 INFO  epoch 21 training [time: 251.37s, train loss: 6485.3707]
Sat 20 Sep 2025 18:43:33 INFO  epoch 21 evaluating [time: 0.51s, valid_score: 0.028600]
Sat 20 Sep 2025 18:43:33 INFO  valid result: 
hit@10 : 0.0609    hit@20 : 0.1022    ndcg@10 : 0.0286    ndcg@20 : 0.0389    mrr@10 : 0.019    mrr@20 : 0.0217
Sat 20 Sep 2025 18:47:45 INFO  epoch 22 training [time: 251.29s, train loss: 6483.5446]
Sat 20 Sep 2025 18:47:45 INFO  epoch 22 evaluating [time: 0.52s, valid_score: 0.027400]
Sat 20 Sep 2025 18:47:45 INFO  valid result: 
hit@10 : 0.0562    hit@20 : 0.0999    ndcg@10 : 0.0274    ndcg@20 : 0.0383    mrr@10 : 0.0188    mrr@20 : 0.0217
Sat 20 Sep 2025 18:51:55 INFO  epoch 23 training [time: 249.75s, train loss: 6478.9733]
Sat 20 Sep 2025 18:51:55 INFO  epoch 23 evaluating [time: 0.54s, valid_score: 0.028100]
Sat 20 Sep 2025 18:51:55 INFO  valid result: 
hit@10 : 0.0575    hit@20 : 0.0996    ndcg@10 : 0.0281    ndcg@20 : 0.0386    mrr@10 : 0.0193    mrr@20 : 0.0221
Sat 20 Sep 2025 18:56:03 INFO  epoch 24 training [time: 247.48s, train loss: 6474.8190]
Sat 20 Sep 2025 18:56:03 INFO  epoch 24 evaluating [time: 0.52s, valid_score: 0.026900]
Sat 20 Sep 2025 18:56:03 INFO  valid result: 
hit@10 : 0.0567    hit@20 : 0.0973    ndcg@10 : 0.0269    ndcg@20 : 0.0371    mrr@10 : 0.018    mrr@20 : 0.0208
Sat 20 Sep 2025 19:00:13 INFO  epoch 25 training [time: 249.60s, train loss: 6471.5868]
Sat 20 Sep 2025 19:00:13 INFO  epoch 25 evaluating [time: 0.53s, valid_score: 0.026500]
Sat 20 Sep 2025 19:00:13 INFO  valid result: 
hit@10 : 0.0544    hit@20 : 0.097    ndcg@10 : 0.0265    ndcg@20 : 0.0371    mrr@10 : 0.0181    mrr@20 : 0.0209
Sat 20 Sep 2025 19:04:21 INFO  epoch 26 training [time: 247.60s, train loss: 6469.2323]
Sat 20 Sep 2025 19:04:22 INFO  epoch 26 evaluating [time: 0.52s, valid_score: 0.027700]
Sat 20 Sep 2025 19:04:22 INFO  valid result: 
hit@10 : 0.0559    hit@20 : 0.1027    ndcg@10 : 0.0277    ndcg@20 : 0.0395    mrr@10 : 0.0193    mrr@20 : 0.0225
Sat 20 Sep 2025 19:08:29 INFO  epoch 27 training [time: 247.67s, train loss: 6468.2034]
Sat 20 Sep 2025 19:08:30 INFO  epoch 27 evaluating [time: 0.52s, valid_score: 0.027200]
Sat 20 Sep 2025 19:08:30 INFO  valid result: 
hit@10 : 0.0559    hit@20 : 0.0965    ndcg@10 : 0.0272    ndcg@20 : 0.0374    mrr@10 : 0.0186    mrr@20 : 0.0214
Sat 20 Sep 2025 19:12:37 INFO  epoch 28 training [time: 247.59s, train loss: 6464.3661]
Sat 20 Sep 2025 19:12:38 INFO  epoch 28 evaluating [time: 0.51s, valid_score: 0.027200]
Sat 20 Sep 2025 19:12:38 INFO  valid result: 
hit@10 : 0.0555    hit@20 : 0.098    ndcg@10 : 0.0272    ndcg@20 : 0.0379    mrr@10 : 0.0188    mrr@20 : 0.0216
Sat 20 Sep 2025 19:16:47 INFO  epoch 29 training [time: 249.54s, train loss: 6461.0929]
Sat 20 Sep 2025 19:16:48 INFO  epoch 29 evaluating [time: 0.53s, valid_score: 0.029300]
Sat 20 Sep 2025 19:16:48 INFO  valid result: 
hit@10 : 0.0591    hit@20 : 0.0952    ndcg@10 : 0.0293    ndcg@20 : 0.0384    mrr@10 : 0.0203    mrr@20 : 0.0228
Sat 20 Sep 2025 19:16:48 INFO  Finished training, best eval result in epoch 18
Sat 20 Sep 2025 19:16:48 INFO  Training time: 8404.59 seconds
Sat 20 Sep 2025 19:16:48 INFO  Loading model structure and parameters from saved/DuoRec-Sep-20-2025_16-56-43.pth
Sat 20 Sep 2025 19:16:50 INFO  The running environment of this training is as follows:
+-------------+---------------+
| Environment |     Usage     |
+=============+===============+
| CPU         |    0.00 %     |
+-------------+---------------+
| GPU         | 3.78 G/6.00 G |
+-------------+---------------+
| Memory      | 3.10 G/7.62 G |
+-------------+---------------+
Sat 20 Sep 2025 19:16:50 INFO  best valid : OrderedDict([('hit@10', 0.0605), ('hit@20', 0.1006), ('ndcg@10', 0.0297), ('ndcg@20', 0.0397), ('mrr@10', 0.0205), ('mrr@20', 0.0232)])
Sat 20 Sep 2025 19:16:50 INFO  test result: OrderedDict([('hit@10', 0.0534), ('hit@20', 0.0901), ('ndcg@10', 0.0272), ('ndcg@20', 0.0364), ('mrr@10', 0.0194), ('mrr@20', 0.0218)])
Sat 20 Sep 2025 19:16:50 INFO  Inference time: 0.005907 seconds for a batch of size 1024
