Sun 21 Sep 2025 11:23:01 INFO  ['run.py']
Sun 21 Sep 2025 11:23:01 INFO  
General Hyper Parameters:
gpu_id = 0
use_gpu = True
seed = 2020
state = INFO
reproducibility = True
data_path = dataset/nyc
checkpoint_dir = saved
show_progress = True
save_dataset = False
dataset_save_path = None
save_dataloaders = False
dataloaders_save_path = None
log_wandb = False

Training Hyper Parameters:
epochs = 300
train_batch_size = 512
learner = adam
learning_rate = 0.001
train_neg_sample_args = {'distribution': 'none', 'sample_num': 'none', 'alpha': 'none', 'dynamic': False, 'candidate_num': 0}
eval_step = 1
stopping_step = 10
clip_grad_norm = None
weight_decay = 0.0
loss_decimal_place = 4

Evaluation Hyper Parameters:
eval_args = {'split': {'LS': 'valid_and_test'}, 'order': 'TO', 'group_by': 'user', 'mode': {'valid': 'full', 'test': 'full'}}
repeatable = True
metrics = ['Hit', 'NDCG', 'MRR']
topk = [10, 20]
valid_metric = NDCG@10
valid_metric_bigger = True
eval_batch_size = 1024
metric_decimal_place = 4

Dataset Hyper Parameters:
field_separator = 	
seq_separator =  
USER_ID_FIELD = user_id
ITEM_ID_FIELD = item_id
RATING_FIELD = rating
TIME_FIELD = timestamp
seq_len = None
LABEL_FIELD = label
threshold = None
NEG_PREFIX = neg_
load_col = {'inter': ['user_id', 'item_id', 'timestamp']}
unload_col = None
unused_col = None
additional_feat_suffix = None
rm_dup_inter = None
val_interval = None
filter_inter_by_user_or_item = True
user_inter_num_interval = [5,inf)
item_inter_num_interval = [5,inf)
alias_of_user_id = None
alias_of_item_id = None
alias_of_entity_id = None
alias_of_relation_id = None
preload_weight = None
normalize_field = None
normalize_all = None
ITEM_LIST_LENGTH_FIELD = item_length
LIST_SUFFIX = _list
MAX_ITEM_LIST_LENGTH = 200
POSITION_FIELD = position_id
HEAD_ENTITY_ID_FIELD = head_id
TAIL_ENTITY_ID_FIELD = tail_id
RELATION_ID_FIELD = relation_id
ENTITY_ID_FIELD = entity_id
benchmark_filename = None

Other Hyper Parameters: 
worker = 0
wandb_project = recbole
shuffle = True
require_pow = False
enable_amp = False
enable_scaler = False
transform = None
n_layers = 2
n_heads = 2
hidden_size = 64
inner_size = 256
hidden_dropout_prob = 0.5
attn_dropout_prob = 0.5
hidden_act = gelu
layer_norm_eps = 1e-12
initializer_range = 0.02
loss_type = CE
lmd = 0.1
lmd_sem = 0.1
global_ratio = 1
dual_domain = False
std = False
spatial_ratio = 0
fredom = False
fredom_type = None
topk_factor = 1
numerical_features = []
discretization = None
kg_reverse_r = False
entity_kg_num_interval = [0,inf)
relation_kg_num_interval = [0,inf)
MODEL_TYPE = ModelType.SEQUENTIAL
SSL_AUG = FEARec
early_stop = True
early_stop_metric = HR@10
early_stop_mode = max
early_stop_patience = 5
save_best_model = True
hidden_dim = 3
MODEL_INPUT_TYPE = InputType.POINTWISE
eval_type = EvaluatorType.RANKING
single_spec = True
local_rank = 0
device = cuda
valid_neg_sample_args = {'distribution': 'uniform', 'sample_num': 'none'}
test_neg_sample_args = {'distribution': 'uniform', 'sample_num': 'none'}


Sun 21 Sep 2025 11:23:02 INFO  nyc
The number of users: 6196
Average actions of users: 77.3047619047619
The number of items: 4501
Average actions of items: 106.42288888888889
The number of inters: 478903
The sparsity of the dataset: 98.28277526448824%
Remain Fields: ['user_id', 'item_id', 'timestamp']
Sun 21 Sep 2025 11:23:07 INFO  [Training]: train_batch_size = [512] train_neg_sample_args: [{'distribution': 'none', 'sample_num': 'none', 'alpha': 'none', 'dynamic': False, 'candidate_num': 0}]
Sun 21 Sep 2025 11:23:07 INFO  [Evaluation]: eval_batch_size = [1024] eval_args: [{'split': {'LS': 'valid_and_test'}, 'order': 'TO', 'group_by': 'user', 'mode': {'valid': 'full', 'test': 'full'}}]
Sun 21 Sep 2025 11:23:07 INFO  FEARec(
  (item_embedding): Embedding(4501, 64, padding_idx=0)
  (position_embedding): Embedding(200, 64)
  (item_encoder): FEAEncoder(
    (layer): ModuleList(
      (0-1): 2 x FEABlock(
        (hybrid_attention): HybridAttention(
          (dropout): Dropout(p=0.1, inplace=False)
          (query_layer): Linear(in_features=64, out_features=64, bias=True)
          (key_layer): Linear(in_features=64, out_features=64, bias=True)
          (value_layer): Linear(in_features=64, out_features=64, bias=True)
          (attn_dropout): Dropout(p=0.5, inplace=False)
          (dense): Linear(in_features=64, out_features=64, bias=True)
          (LayerNorm): LayerNorm((64,), eps=1e-12, elementwise_affine=True)
          (out_dropout): Dropout(p=0.5, inplace=False)
        )
        (feed_forward): FeedForward(
          (dense_1): Linear(in_features=64, out_features=256, bias=True)
          (dense_2): Linear(in_features=256, out_features=64, bias=True)
          (LayerNorm): LayerNorm((64,), eps=1e-12, elementwise_affine=True)
          (dropout): Dropout(p=0.5, inplace=False)
        )
      )
    )
    (layer_ramp): FEABlock(
      (hybrid_attention): HybridAttention(
        (dropout): Dropout(p=0.1, inplace=False)
        (query_layer): Linear(in_features=64, out_features=64, bias=True)
        (key_layer): Linear(in_features=64, out_features=64, bias=True)
        (value_layer): Linear(in_features=64, out_features=64, bias=True)
        (attn_dropout): Dropout(p=0.5, inplace=False)
        (dense): Linear(in_features=64, out_features=64, bias=True)
        (LayerNorm): LayerNorm((64,), eps=1e-12, elementwise_affine=True)
        (out_dropout): Dropout(p=0.5, inplace=False)
      )
      (feed_forward): FeedForward(
        (dense_1): Linear(in_features=64, out_features=256, bias=True)
        (dense_2): Linear(in_features=256, out_features=64, bias=True)
        (LayerNorm): LayerNorm((64,), eps=1e-12, elementwise_affine=True)
        (dropout): Dropout(p=0.5, inplace=False)
      )
    )
  )
  (LayerNorm): LayerNorm((64,), eps=1e-12, elementwise_affine=True)
  (dropout): Dropout(p=0.5, inplace=False)
  (loss_fct): CrossEntropyLoss()
  (aug_nce_fct): CrossEntropyLoss()
  (sem_aug_nce_fct): CrossEntropyLoss()
)
Trainable parameters: 400960
Sun 21 Sep 2025 11:23:07 INFO  FLOPs: 49459264.0
Sun 21 Sep 2025 11:29:33 INFO  epoch 0 training [time: 384.76s, train loss: 7289.5303]
Sun 21 Sep 2025 11:29:33 INFO  epoch 0 evaluating [time: 0.92s, valid_score: 0.015900]
Sun 21 Sep 2025 11:29:33 INFO  valid result: 
hit@10 : 0.0316    hit@20 : 0.0536    ndcg@10 : 0.0159    ndcg@20 : 0.0214    mrr@10 : 0.0112    mrr@20 : 0.0127
Sun 21 Sep 2025 11:29:34 INFO  Saving current: saved/FEARec-Sep-21-2025_11-23-07.pth
Sun 21 Sep 2025 11:35:56 INFO  epoch 1 training [time: 382.28s, train loss: 6881.3656]
Sun 21 Sep 2025 11:35:57 INFO  epoch 1 evaluating [time: 0.91s, valid_score: 0.018500]
Sun 21 Sep 2025 11:35:57 INFO  valid result: 
hit@10 : 0.0386    hit@20 : 0.0702    ndcg@10 : 0.0185    ndcg@20 : 0.0264    mrr@10 : 0.0125    mrr@20 : 0.0146
Sun 21 Sep 2025 11:35:57 INFO  Saving current: saved/FEARec-Sep-21-2025_11-23-07.pth
Sun 21 Sep 2025 11:43:45 INFO  epoch 2 training [time: 468.12s, train loss: 6776.9389]
Sun 21 Sep 2025 11:43:46 INFO  epoch 2 evaluating [time: 0.92s, valid_score: 0.021100]
Sun 21 Sep 2025 11:43:46 INFO  valid result: 
hit@10 : 0.0418    hit@20 : 0.0709    ndcg@10 : 0.0211    ndcg@20 : 0.0284    mrr@10 : 0.0149    mrr@20 : 0.0169
Sun 21 Sep 2025 11:43:46 INFO  Saving current: saved/FEARec-Sep-21-2025_11-23-07.pth
Sun 21 Sep 2025 11:51:18 INFO  epoch 3 training [time: 452.18s, train loss: 6726.1780]
Sun 21 Sep 2025 11:51:19 INFO  epoch 3 evaluating [time: 0.87s, valid_score: 0.020400]
Sun 21 Sep 2025 11:51:19 INFO  valid result: 
hit@10 : 0.041    hit@20 : 0.0733    ndcg@10 : 0.0204    ndcg@20 : 0.0285    mrr@10 : 0.0143    mrr@20 : 0.0165
Sun 21 Sep 2025 11:58:34 INFO  epoch 4 training [time: 435.44s, train loss: 6690.9748]
Sun 21 Sep 2025 11:58:35 INFO  epoch 4 evaluating [time: 0.87s, valid_score: 0.021900]
Sun 21 Sep 2025 11:58:35 INFO  valid result: 
hit@10 : 0.0449    hit@20 : 0.077    ndcg@10 : 0.0219    ndcg@20 : 0.0299    mrr@10 : 0.015    mrr@20 : 0.0172
Sun 21 Sep 2025 11:58:35 INFO  Saving current: saved/FEARec-Sep-21-2025_11-23-07.pth
Sun 21 Sep 2025 12:06:10 INFO  epoch 5 training [time: 455.05s, train loss: 6666.5146]
Sun 21 Sep 2025 12:06:11 INFO  epoch 5 evaluating [time: 0.91s, valid_score: 0.023700]
Sun 21 Sep 2025 12:06:11 INFO  valid result: 
hit@10 : 0.047    hit@20 : 0.0825    ndcg@10 : 0.0237    ndcg@20 : 0.0326    mrr@10 : 0.0169    mrr@20 : 0.0193
Sun 21 Sep 2025 12:06:11 INFO  Saving current: saved/FEARec-Sep-21-2025_11-23-07.pth
Sun 21 Sep 2025 12:13:55 INFO  epoch 6 training [time: 464.17s, train loss: 6646.7772]
Sun 21 Sep 2025 12:13:56 INFO  epoch 6 evaluating [time: 0.89s, valid_score: 0.024000]
Sun 21 Sep 2025 12:13:56 INFO  valid result: 
hit@10 : 0.0481    hit@20 : 0.0805    ndcg@10 : 0.024    ndcg@20 : 0.0322    mrr@10 : 0.0169    mrr@20 : 0.0191
Sun 21 Sep 2025 12:13:56 INFO  Saving current: saved/FEARec-Sep-21-2025_11-23-07.pth
Sun 21 Sep 2025 12:21:24 INFO  epoch 7 training [time: 448.02s, train loss: 6629.1062]
Sun 21 Sep 2025 12:21:25 INFO  epoch 7 evaluating [time: 0.89s, valid_score: 0.024100]
Sun 21 Sep 2025 12:21:25 INFO  valid result: 
hit@10 : 0.0502    hit@20 : 0.0826    ndcg@10 : 0.0241    ndcg@20 : 0.0323    mrr@10 : 0.0163    mrr@20 : 0.0185
Sun 21 Sep 2025 12:21:25 INFO  Saving current: saved/FEARec-Sep-21-2025_11-23-07.pth
Sun 21 Sep 2025 12:29:09 INFO  epoch 8 training [time: 463.23s, train loss: 6619.6441]
Sun 21 Sep 2025 12:29:10 INFO  epoch 8 evaluating [time: 0.89s, valid_score: 0.023300]
Sun 21 Sep 2025 12:29:10 INFO  valid result: 
hit@10 : 0.05    hit@20 : 0.0923    ndcg@10 : 0.0233    ndcg@20 : 0.0339    mrr@10 : 0.0154    mrr@20 : 0.0182
Sun 21 Sep 2025 12:37:32 INFO  epoch 9 training [time: 502.13s, train loss: 6609.3913]
Sun 21 Sep 2025 12:37:33 INFO  epoch 9 evaluating [time: 0.89s, valid_score: 0.024200]
Sun 21 Sep 2025 12:37:33 INFO  valid result: 
hit@10 : 0.051    hit@20 : 0.0867    ndcg@10 : 0.0242    ndcg@20 : 0.0332    mrr@10 : 0.0162    mrr@20 : 0.0187
Sun 21 Sep 2025 12:37:33 INFO  Saving current: saved/FEARec-Sep-21-2025_11-23-07.pth
Sun 21 Sep 2025 12:44:49 INFO  epoch 10 training [time: 436.67s, train loss: 6598.5805]
Sun 21 Sep 2025 12:44:50 INFO  epoch 10 evaluating [time: 0.88s, valid_score: 0.025100]
Sun 21 Sep 2025 12:44:50 INFO  valid result: 
hit@10 : 0.052    hit@20 : 0.0867    ndcg@10 : 0.0251    ndcg@20 : 0.0338    mrr@10 : 0.0171    mrr@20 : 0.0195
Sun 21 Sep 2025 12:44:50 INFO  Saving current: saved/FEARec-Sep-21-2025_11-23-07.pth
Sun 21 Sep 2025 12:51:26 INFO  epoch 11 training [time: 395.37s, train loss: 6588.8476]
Sun 21 Sep 2025 12:51:26 INFO  epoch 11 evaluating [time: 0.90s, valid_score: 0.025200]
Sun 21 Sep 2025 12:51:26 INFO  valid result: 
hit@10 : 0.0533    hit@20 : 0.088    ndcg@10 : 0.0252    ndcg@20 : 0.0339    mrr@10 : 0.0168    mrr@20 : 0.0192
Sun 21 Sep 2025 12:51:27 INFO  Saving current: saved/FEARec-Sep-21-2025_11-23-07.pth
Sun 21 Sep 2025 12:57:54 INFO  epoch 12 training [time: 387.70s, train loss: 6582.7488]
Sun 21 Sep 2025 12:57:55 INFO  epoch 12 evaluating [time: 0.87s, valid_score: 0.026400]
Sun 21 Sep 2025 12:57:55 INFO  valid result: 
hit@10 : 0.055    hit@20 : 0.0944    ndcg@10 : 0.0264    ndcg@20 : 0.0363    mrr@10 : 0.0178    mrr@20 : 0.0205
Sun 21 Sep 2025 12:57:55 INFO  Saving current: saved/FEARec-Sep-21-2025_11-23-07.pth
Sun 21 Sep 2025 13:04:28 INFO  epoch 13 training [time: 392.77s, train loss: 6575.8180]
Sun 21 Sep 2025 13:04:29 INFO  epoch 13 evaluating [time: 0.88s, valid_score: 0.025200]
Sun 21 Sep 2025 13:04:29 INFO  valid result: 
hit@10 : 0.0512    hit@20 : 0.0889    ndcg@10 : 0.0252    ndcg@20 : 0.0346    mrr@10 : 0.0174    mrr@20 : 0.0199
Sun 21 Sep 2025 13:10:58 INFO  epoch 14 training [time: 389.08s, train loss: 6569.8931]
Sun 21 Sep 2025 13:10:59 INFO  epoch 14 evaluating [time: 0.88s, valid_score: 0.025600]
Sun 21 Sep 2025 13:10:59 INFO  valid result: 
hit@10 : 0.055    hit@20 : 0.0956    ndcg@10 : 0.0256    ndcg@20 : 0.0357    mrr@10 : 0.0168    mrr@20 : 0.0196
Sun 21 Sep 2025 13:17:27 INFO  epoch 15 training [time: 387.87s, train loss: 6562.6797]
Sun 21 Sep 2025 13:17:28 INFO  epoch 15 evaluating [time: 0.90s, valid_score: 0.025400]
Sun 21 Sep 2025 13:17:28 INFO  valid result: 
hit@10 : 0.0526    hit@20 : 0.0896    ndcg@10 : 0.0254    ndcg@20 : 0.0347    mrr@10 : 0.0173    mrr@20 : 0.0198
Sun 21 Sep 2025 13:23:56 INFO  epoch 16 training [time: 388.56s, train loss: 6557.8103]
Sun 21 Sep 2025 13:23:57 INFO  epoch 16 evaluating [time: 0.89s, valid_score: 0.026900]
Sun 21 Sep 2025 13:23:57 INFO  valid result: 
hit@10 : 0.0541    hit@20 : 0.0944    ndcg@10 : 0.0269    ndcg@20 : 0.0372    mrr@10 : 0.0188    mrr@20 : 0.0216
Sun 21 Sep 2025 13:23:57 INFO  Saving current: saved/FEARec-Sep-21-2025_11-23-07.pth
Sun 21 Sep 2025 13:30:27 INFO  epoch 17 training [time: 390.27s, train loss: 6555.9881]
Sun 21 Sep 2025 13:30:28 INFO  epoch 17 evaluating [time: 0.89s, valid_score: 0.027300]
Sun 21 Sep 2025 13:30:28 INFO  valid result: 
hit@10 : 0.0567    hit@20 : 0.0951    ndcg@10 : 0.0273    ndcg@20 : 0.037    mrr@10 : 0.0186    mrr@20 : 0.0212
Sun 21 Sep 2025 13:30:28 INFO  Saving current: saved/FEARec-Sep-21-2025_11-23-07.pth
Sun 21 Sep 2025 13:36:59 INFO  epoch 18 training [time: 390.44s, train loss: 6547.7391]
Sun 21 Sep 2025 13:37:00 INFO  epoch 18 evaluating [time: 0.91s, valid_score: 0.026100]
Sun 21 Sep 2025 13:37:00 INFO  valid result: 
hit@10 : 0.0531    hit@20 : 0.0946    ndcg@10 : 0.0261    ndcg@20 : 0.0365    mrr@10 : 0.018    mrr@20 : 0.0208
Sun 21 Sep 2025 13:43:32 INFO  epoch 19 training [time: 392.06s, train loss: 6546.1351]
Sun 21 Sep 2025 13:43:33 INFO  epoch 19 evaluating [time: 0.88s, valid_score: 0.027300]
Sun 21 Sep 2025 13:43:33 INFO  valid result: 
hit@10 : 0.0568    hit@20 : 0.0951    ndcg@10 : 0.0273    ndcg@20 : 0.0369    mrr@10 : 0.0185    mrr@20 : 0.0211
Sun 21 Sep 2025 13:43:33 INFO  Saving current: saved/FEARec-Sep-21-2025_11-23-07.pth
Sun 21 Sep 2025 13:50:01 INFO  epoch 20 training [time: 388.60s, train loss: 6539.6352]
Sun 21 Sep 2025 13:50:02 INFO  epoch 20 evaluating [time: 0.87s, valid_score: 0.026900]
Sun 21 Sep 2025 13:50:02 INFO  valid result: 
hit@10 : 0.0559    hit@20 : 0.096    ndcg@10 : 0.0269    ndcg@20 : 0.0369    mrr@10 : 0.0182    mrr@20 : 0.0209
Sun 21 Sep 2025 13:56:34 INFO  epoch 21 training [time: 391.58s, train loss: 6536.2611]
Sun 21 Sep 2025 13:56:35 INFO  epoch 21 evaluating [time: 0.91s, valid_score: 0.026700]
Sun 21 Sep 2025 13:56:35 INFO  valid result: 
hit@10 : 0.0542    hit@20 : 0.1006    ndcg@10 : 0.0267    ndcg@20 : 0.0383    mrr@10 : 0.0184    mrr@20 : 0.0215
Sun 21 Sep 2025 14:03:06 INFO  epoch 22 training [time: 391.75s, train loss: 6535.2030]
Sun 21 Sep 2025 14:03:07 INFO  epoch 22 evaluating [time: 0.93s, valid_score: 0.027700]
Sun 21 Sep 2025 14:03:07 INFO  valid result: 
hit@10 : 0.0578    hit@20 : 0.0975    ndcg@10 : 0.0277    ndcg@20 : 0.0377    mrr@10 : 0.0188    mrr@20 : 0.0215
Sun 21 Sep 2025 14:03:07 INFO  Saving current: saved/FEARec-Sep-21-2025_11-23-07.pth
Sun 21 Sep 2025 14:09:34 INFO  epoch 23 training [time: 386.87s, train loss: 6530.4326]
Sun 21 Sep 2025 14:09:35 INFO  epoch 23 evaluating [time: 0.88s, valid_score: 0.028500]
Sun 21 Sep 2025 14:09:35 INFO  valid result: 
hit@10 : 0.0568    hit@20 : 0.0959    ndcg@10 : 0.0285    ndcg@20 : 0.0384    mrr@10 : 0.02    mrr@20 : 0.0227
Sun 21 Sep 2025 14:09:35 INFO  Saving current: saved/FEARec-Sep-21-2025_11-23-07.pth
Sun 21 Sep 2025 14:16:04 INFO  epoch 24 training [time: 389.20s, train loss: 6527.3555]
Sun 21 Sep 2025 14:16:05 INFO  epoch 24 evaluating [time: 0.88s, valid_score: 0.026800]
Sun 21 Sep 2025 14:16:05 INFO  valid result: 
hit@10 : 0.0542    hit@20 : 0.0939    ndcg@10 : 0.0268    ndcg@20 : 0.0367    mrr@10 : 0.0186    mrr@20 : 0.0212
Sun 21 Sep 2025 14:22:35 INFO  epoch 25 training [time: 389.84s, train loss: 6523.2566]
Sun 21 Sep 2025 14:22:36 INFO  epoch 25 evaluating [time: 0.87s, valid_score: 0.028200]
Sun 21 Sep 2025 14:22:36 INFO  valid result: 
hit@10 : 0.0578    hit@20 : 0.0943    ndcg@10 : 0.0282    ndcg@20 : 0.0373    mrr@10 : 0.0194    mrr@20 : 0.0219
Sun 21 Sep 2025 14:29:05 INFO  epoch 26 training [time: 388.99s, train loss: 6522.7474]
Sun 21 Sep 2025 14:29:06 INFO  epoch 26 evaluating [time: 0.88s, valid_score: 0.026800]
Sun 21 Sep 2025 14:29:06 INFO  valid result: 
hit@10 : 0.0542    hit@20 : 0.098    ndcg@10 : 0.0268    ndcg@20 : 0.0378    mrr@10 : 0.0186    mrr@20 : 0.0216
Sun 21 Sep 2025 14:35:37 INFO  epoch 27 training [time: 391.44s, train loss: 6522.0411]
Sun 21 Sep 2025 14:35:38 INFO  epoch 27 evaluating [time: 0.90s, valid_score: 0.027700]
Sun 21 Sep 2025 14:35:38 INFO  valid result: 
hit@10 : 0.0573    hit@20 : 0.0977    ndcg@10 : 0.0277    ndcg@20 : 0.0379    mrr@10 : 0.0189    mrr@20 : 0.0217
Sun 21 Sep 2025 14:44:58 INFO  epoch 28 training [time: 559.87s, train loss: 6517.0019]
Sun 21 Sep 2025 14:44:59 INFO  epoch 28 evaluating [time: 0.89s, valid_score: 0.027100]
Sun 21 Sep 2025 14:44:59 INFO  valid result: 
hit@10 : 0.0568    hit@20 : 0.0954    ndcg@10 : 0.0271    ndcg@20 : 0.0368    mrr@10 : 0.0182    mrr@20 : 0.0209
Sun 21 Sep 2025 14:51:31 INFO  epoch 29 training [time: 392.41s, train loss: 6514.7432]
Sun 21 Sep 2025 14:51:32 INFO  epoch 29 evaluating [time: 0.89s, valid_score: 0.026800]
Sun 21 Sep 2025 14:51:32 INFO  valid result: 
hit@10 : 0.0552    hit@20 : 0.0975    ndcg@10 : 0.0268    ndcg@20 : 0.0374    mrr@10 : 0.0184    mrr@20 : 0.0212
Sun 21 Sep 2025 14:58:55 INFO  epoch 30 training [time: 443.04s, train loss: 6514.2137]
Sun 21 Sep 2025 14:58:56 INFO  epoch 30 evaluating [time: 0.92s, valid_score: 0.028200]
Sun 21 Sep 2025 14:58:56 INFO  valid result: 
hit@10 : 0.0588    hit@20 : 0.0981    ndcg@10 : 0.0282    ndcg@20 : 0.0381    mrr@10 : 0.0191    mrr@20 : 0.0217
Sun 21 Sep 2025 15:07:56 INFO  epoch 31 training [time: 539.93s, train loss: 6511.3427]
Sun 21 Sep 2025 15:07:57 INFO  epoch 31 evaluating [time: 0.93s, valid_score: 0.027300]
Sun 21 Sep 2025 15:07:57 INFO  valid result: 
hit@10 : 0.0557    hit@20 : 0.0935    ndcg@10 : 0.0273    ndcg@20 : 0.0368    mrr@10 : 0.0187    mrr@20 : 0.0213
Sun 21 Sep 2025 15:15:52 INFO  epoch 32 training [time: 475.13s, train loss: 6509.5756]
Sun 21 Sep 2025 15:15:53 INFO  epoch 32 evaluating [time: 0.96s, valid_score: 0.027300]
Sun 21 Sep 2025 15:15:53 INFO  valid result: 
hit@10 : 0.0579    hit@20 : 0.0964    ndcg@10 : 0.0273    ndcg@20 : 0.0369    mrr@10 : 0.0181    mrr@20 : 0.0207
Sun 21 Sep 2025 15:24:04 INFO  epoch 33 training [time: 491.08s, train loss: 6508.5314]
Sun 21 Sep 2025 15:24:05 INFO  epoch 33 evaluating [time: 0.94s, valid_score: 0.026800]
Sun 21 Sep 2025 15:24:05 INFO  valid result: 
hit@10 : 0.0554    hit@20 : 0.0952    ndcg@10 : 0.0268    ndcg@20 : 0.0367    mrr@10 : 0.0182    mrr@20 : 0.0209
Sun 21 Sep 2025 15:32:23 INFO  epoch 34 training [time: 497.93s, train loss: 6504.2087]
Sun 21 Sep 2025 15:32:24 INFO  epoch 34 evaluating [time: 0.87s, valid_score: 0.028400]
Sun 21 Sep 2025 15:32:24 INFO  valid result: 
hit@10 : 0.0588    hit@20 : 0.0975    ndcg@10 : 0.0284    ndcg@20 : 0.0381    mrr@10 : 0.0192    mrr@20 : 0.0218
Sun 21 Sep 2025 15:32:24 INFO  Finished training, best eval result in epoch 23
Sun 21 Sep 2025 15:32:24 INFO  Training time: 14956.15 seconds
Sun 21 Sep 2025 15:32:24 INFO  Loading model structure and parameters from saved/FEARec-Sep-21-2025_11-23-07.pth
Sun 21 Sep 2025 15:32:26 INFO  The running environment of this training is as follows:
+-------------+---------------+
| Environment |     Usage     |
+=============+===============+
| CPU         |    3.60 %     |
+-------------+---------------+
| GPU         | 3.81 G/6.00 G |
+-------------+---------------+
| Memory      | 3.14 G/7.62 G |
+-------------+---------------+
Sun 21 Sep 2025 15:32:26 INFO  best valid : OrderedDict([('hit@10', 0.0568), ('hit@20', 0.0959), ('ndcg@10', 0.0285), ('ndcg@20', 0.0384), ('mrr@10', 0.02), ('mrr@20', 0.0227)])
Sun 21 Sep 2025 15:32:26 INFO  test result: OrderedDict([('hit@10', 0.0497), ('hit@20', 0.0849), ('ndcg@10', 0.0254), ('ndcg@20', 0.0342), ('mrr@10', 0.0181), ('mrr@20', 0.0204)])
Sun 21 Sep 2025 15:32:26 INFO  Inference time: 0.112019 seconds for a batch of size 1024
